ARM GAS  C:\Users\trehans\AppData\Local\Temp\ccuhN6Hk.s 			page 1


   1              		.cpu cortex-m0
   2              		.fpu softvfp
   3              		.eabi_attribute 20, 1
   4              		.eabi_attribute 21, 1
   5              		.eabi_attribute 23, 3
   6              		.eabi_attribute 24, 1
   7              		.eabi_attribute 25, 1
   8              		.eabi_attribute 26, 1
   9              		.eabi_attribute 30, 6
  10              		.eabi_attribute 34, 0
  11              		.eabi_attribute 18, 4
  12              		.code	16
  13              		.file	"Pin_Button.c"
  14              		.text
  15              	.Ltext0:
  16              		.cfi_sections	.debug_frame
  17              		.section	.text.Pin_Button_Write,"ax",%progbits
  18              		.align	2
  19              		.global	Pin_Button_Write
  20              		.code	16
  21              		.thumb_func
  22              		.type	Pin_Button_Write, %function
  23              	Pin_Button_Write:
  24              	.LFB0:
  25              		.file 1 ".\\Generated_Source\\PSoC4\\Pin_Button.c"
   1:.\Generated_Source\PSoC4/Pin_Button.c **** /*******************************************************************************
   2:.\Generated_Source\PSoC4/Pin_Button.c **** * File Name: Pin_Button.c  
   3:.\Generated_Source\PSoC4/Pin_Button.c **** * Version 2.5
   4:.\Generated_Source\PSoC4/Pin_Button.c **** *
   5:.\Generated_Source\PSoC4/Pin_Button.c **** * Description:
   6:.\Generated_Source\PSoC4/Pin_Button.c **** *  This file contains API to enable firmware control of a Pins component.
   7:.\Generated_Source\PSoC4/Pin_Button.c **** *
   8:.\Generated_Source\PSoC4/Pin_Button.c **** * Note:
   9:.\Generated_Source\PSoC4/Pin_Button.c **** *
  10:.\Generated_Source\PSoC4/Pin_Button.c **** ********************************************************************************
  11:.\Generated_Source\PSoC4/Pin_Button.c **** * Copyright 2008-2014, Cypress Semiconductor Corporation.  All rights reserved.
  12:.\Generated_Source\PSoC4/Pin_Button.c **** * You may use this file only in accordance with the license, terms, conditions, 
  13:.\Generated_Source\PSoC4/Pin_Button.c **** * disclaimers, and limitations in the end user license agreement accompanying 
  14:.\Generated_Source\PSoC4/Pin_Button.c **** * the software package with which this file was provided.
  15:.\Generated_Source\PSoC4/Pin_Button.c **** *******************************************************************************/
  16:.\Generated_Source\PSoC4/Pin_Button.c **** 
  17:.\Generated_Source\PSoC4/Pin_Button.c **** #include "cytypes.h"
  18:.\Generated_Source\PSoC4/Pin_Button.c **** #include "Pin_Button.h"
  19:.\Generated_Source\PSoC4/Pin_Button.c **** 
  20:.\Generated_Source\PSoC4/Pin_Button.c **** #define SetP4PinDriveMode(shift, mode)  \
  21:.\Generated_Source\PSoC4/Pin_Button.c ****     do { \
  22:.\Generated_Source\PSoC4/Pin_Button.c ****         Pin_Button_PC =   (Pin_Button_PC & \
  23:.\Generated_Source\PSoC4/Pin_Button.c ****                                 (uint32)(~(uint32)(Pin_Button_DRIVE_MODE_IND_MASK << (Pin_Button_DR
  24:.\Generated_Source\PSoC4/Pin_Button.c ****                                 (uint32)((uint32)(mode) << (Pin_Button_DRIVE_MODE_BITS * (shift)));
  25:.\Generated_Source\PSoC4/Pin_Button.c ****     } while (0)
  26:.\Generated_Source\PSoC4/Pin_Button.c **** 
  27:.\Generated_Source\PSoC4/Pin_Button.c **** 
  28:.\Generated_Source\PSoC4/Pin_Button.c **** /*******************************************************************************
  29:.\Generated_Source\PSoC4/Pin_Button.c **** * Function Name: Pin_Button_Write
  30:.\Generated_Source\PSoC4/Pin_Button.c **** ********************************************************************************
  31:.\Generated_Source\PSoC4/Pin_Button.c **** *
  32:.\Generated_Source\PSoC4/Pin_Button.c **** * Summary:
ARM GAS  C:\Users\trehans\AppData\Local\Temp\ccuhN6Hk.s 			page 2


  33:.\Generated_Source\PSoC4/Pin_Button.c **** *  Assign a new value to the digital port's data output register.  
  34:.\Generated_Source\PSoC4/Pin_Button.c **** *
  35:.\Generated_Source\PSoC4/Pin_Button.c **** * Parameters:  
  36:.\Generated_Source\PSoC4/Pin_Button.c **** *  prtValue:  The value to be assigned to the Digital Port. 
  37:.\Generated_Source\PSoC4/Pin_Button.c **** *
  38:.\Generated_Source\PSoC4/Pin_Button.c **** * Return: 
  39:.\Generated_Source\PSoC4/Pin_Button.c **** *  None 
  40:.\Generated_Source\PSoC4/Pin_Button.c **** *  
  41:.\Generated_Source\PSoC4/Pin_Button.c **** *******************************************************************************/
  42:.\Generated_Source\PSoC4/Pin_Button.c **** void Pin_Button_Write(uint8 value) 
  43:.\Generated_Source\PSoC4/Pin_Button.c **** {
  26              		.loc 1 43 0
  27              		.cfi_startproc
  28 0000 80B5     		push	{r7, lr}
  29              	.LCFI0:
  30              		.cfi_def_cfa_offset 8
  31              		.cfi_offset 7, -8
  32              		.cfi_offset 14, -4
  33 0002 84B0     		sub	sp, sp, #16
  34              	.LCFI1:
  35              		.cfi_def_cfa_offset 24
  36 0004 00AF     		add	r7, sp, #0
  37              	.LCFI2:
  38              		.cfi_def_cfa_register 7
  39 0006 021C     		mov	r2, r0
  40 0008 FB1D     		add	r3, r7, #7
  41 000a 1A70     		strb	r2, [r3]
  44:.\Generated_Source\PSoC4/Pin_Button.c ****     uint8 drVal = (uint8)(Pin_Button_DR & (uint8)(~Pin_Button_MASK));
  42              		.loc 1 44 0
  43 000c 0D4B     		ldr	r3, .L2
  44 000e 1B68     		ldr	r3, [r3]
  45 0010 DAB2     		uxtb	r2, r3
  46 0012 3B1C     		mov	r3, r7
  47 0014 0F33     		add	r3, r3, #15
  48 0016 0721     		mov	r1, #7
  49 0018 8A43     		bic	r2, r1
  50 001a 1A70     		strb	r2, [r3]
  45:.\Generated_Source\PSoC4/Pin_Button.c ****     drVal = (drVal | ((uint8)(value << Pin_Button_SHIFT) & Pin_Button_MASK));
  51              		.loc 1 45 0
  52 001c FB1D     		add	r3, r7, #7
  53 001e 1A78     		ldrb	r2, [r3]
  54 0020 0723     		mov	r3, #7
  55 0022 1340     		and	r3, r2
  56 0024 D9B2     		uxtb	r1, r3
  57 0026 3B1C     		mov	r3, r7
  58 0028 0F33     		add	r3, r3, #15
  59 002a 3A1C     		mov	r2, r7
  60 002c 0F32     		add	r2, r2, #15
  61 002e 1278     		ldrb	r2, [r2]
  62 0030 0A43     		orr	r2, r1
  63 0032 1A70     		strb	r2, [r3]
  46:.\Generated_Source\PSoC4/Pin_Button.c ****     Pin_Button_DR = (uint32)drVal;
  64              		.loc 1 46 0
  65 0034 034B     		ldr	r3, .L2
  66 0036 3A1C     		mov	r2, r7
  67 0038 0F32     		add	r2, r2, #15
  68 003a 1278     		ldrb	r2, [r2]
ARM GAS  C:\Users\trehans\AppData\Local\Temp\ccuhN6Hk.s 			page 3


  69 003c 1A60     		str	r2, [r3]
  47:.\Generated_Source\PSoC4/Pin_Button.c **** }
  70              		.loc 1 47 0
  71 003e BD46     		mov	sp, r7
  72 0040 04B0     		add	sp, sp, #16
  73              		@ sp needed for prologue
  74 0042 80BD     		pop	{r7, pc}
  75              	.L3:
  76              		.align	2
  77              	.L2:
  78 0044 00020440 		.word	1074004480
  79              		.cfi_endproc
  80              	.LFE0:
  81              		.size	Pin_Button_Write, .-Pin_Button_Write
  82              		.section	.text.Pin_Button_SetDriveMode,"ax",%progbits
  83              		.align	2
  84              		.global	Pin_Button_SetDriveMode
  85              		.code	16
  86              		.thumb_func
  87              		.type	Pin_Button_SetDriveMode, %function
  88              	Pin_Button_SetDriveMode:
  89              	.LFB1:
  48:.\Generated_Source\PSoC4/Pin_Button.c **** 
  49:.\Generated_Source\PSoC4/Pin_Button.c **** 
  50:.\Generated_Source\PSoC4/Pin_Button.c **** /*******************************************************************************
  51:.\Generated_Source\PSoC4/Pin_Button.c **** * Function Name: Pin_Button_SetDriveMode
  52:.\Generated_Source\PSoC4/Pin_Button.c **** ********************************************************************************
  53:.\Generated_Source\PSoC4/Pin_Button.c **** *
  54:.\Generated_Source\PSoC4/Pin_Button.c **** * Summary:
  55:.\Generated_Source\PSoC4/Pin_Button.c **** *  Change the drive mode on the pins of the port.
  56:.\Generated_Source\PSoC4/Pin_Button.c **** * 
  57:.\Generated_Source\PSoC4/Pin_Button.c **** * Parameters:  
  58:.\Generated_Source\PSoC4/Pin_Button.c **** *  mode:  Change the pins to one of the following drive modes.
  59:.\Generated_Source\PSoC4/Pin_Button.c **** *
  60:.\Generated_Source\PSoC4/Pin_Button.c **** *  Pin_Button_DM_STRONG     Strong Drive 
  61:.\Generated_Source\PSoC4/Pin_Button.c **** *  Pin_Button_DM_OD_HI      Open Drain, Drives High 
  62:.\Generated_Source\PSoC4/Pin_Button.c **** *  Pin_Button_DM_OD_LO      Open Drain, Drives Low 
  63:.\Generated_Source\PSoC4/Pin_Button.c **** *  Pin_Button_DM_RES_UP     Resistive Pull Up 
  64:.\Generated_Source\PSoC4/Pin_Button.c **** *  Pin_Button_DM_RES_DWN    Resistive Pull Down 
  65:.\Generated_Source\PSoC4/Pin_Button.c **** *  Pin_Button_DM_RES_UPDWN  Resistive Pull Up/Down 
  66:.\Generated_Source\PSoC4/Pin_Button.c **** *  Pin_Button_DM_DIG_HIZ    High Impedance Digital 
  67:.\Generated_Source\PSoC4/Pin_Button.c **** *  Pin_Button_DM_ALG_HIZ    High Impedance Analog 
  68:.\Generated_Source\PSoC4/Pin_Button.c **** *
  69:.\Generated_Source\PSoC4/Pin_Button.c **** * Return: 
  70:.\Generated_Source\PSoC4/Pin_Button.c **** *  None
  71:.\Generated_Source\PSoC4/Pin_Button.c **** *
  72:.\Generated_Source\PSoC4/Pin_Button.c **** *******************************************************************************/
  73:.\Generated_Source\PSoC4/Pin_Button.c **** void Pin_Button_SetDriveMode(uint8 mode) 
  74:.\Generated_Source\PSoC4/Pin_Button.c **** {
  90              		.loc 1 74 0
  91              		.cfi_startproc
  92 0000 80B5     		push	{r7, lr}
  93              	.LCFI3:
  94              		.cfi_def_cfa_offset 8
  95              		.cfi_offset 7, -8
  96              		.cfi_offset 14, -4
  97 0002 82B0     		sub	sp, sp, #8
ARM GAS  C:\Users\trehans\AppData\Local\Temp\ccuhN6Hk.s 			page 4


  98              	.LCFI4:
  99              		.cfi_def_cfa_offset 16
 100 0004 00AF     		add	r7, sp, #0
 101              	.LCFI5:
 102              		.cfi_def_cfa_register 7
 103 0006 021C     		mov	r2, r0
 104 0008 FB1D     		add	r3, r7, #7
 105 000a 1A70     		strb	r2, [r3]
  75:.\Generated_Source\PSoC4/Pin_Button.c **** 	SetP4PinDriveMode(Pin_Button__0__SHIFT, mode);
 106              		.loc 1 75 0
 107 000c 114B     		ldr	r3, .L5
 108 000e 114A     		ldr	r2, .L5
 109 0010 1268     		ldr	r2, [r2]
 110 0012 0721     		mov	r1, #7
 111 0014 101C     		mov	r0, r2
 112 0016 8843     		bic	r0, r1
 113 0018 011C     		mov	r1, r0
 114 001a FA1D     		add	r2, r7, #7
 115 001c 1278     		ldrb	r2, [r2]
 116 001e 0A43     		orr	r2, r1
 117 0020 1A60     		str	r2, [r3]
  76:.\Generated_Source\PSoC4/Pin_Button.c **** 	SetP4PinDriveMode(Pin_Button__1__SHIFT, mode);
 118              		.loc 1 76 0
 119 0022 0C4B     		ldr	r3, .L5
 120 0024 0B4A     		ldr	r2, .L5
 121 0026 1268     		ldr	r2, [r2]
 122 0028 3821     		mov	r1, #56
 123 002a 101C     		mov	r0, r2
 124 002c 8843     		bic	r0, r1
 125 002e 011C     		mov	r1, r0
 126 0030 FA1D     		add	r2, r7, #7
 127 0032 1278     		ldrb	r2, [r2]
 128 0034 D200     		lsl	r2, r2, #3
 129 0036 0A43     		orr	r2, r1
 130 0038 1A60     		str	r2, [r3]
  77:.\Generated_Source\PSoC4/Pin_Button.c **** 	SetP4PinDriveMode(Pin_Button__2__SHIFT, mode);
 131              		.loc 1 77 0
 132 003a 064B     		ldr	r3, .L5
 133 003c 054A     		ldr	r2, .L5
 134 003e 1168     		ldr	r1, [r2]
 135 0040 054A     		ldr	r2, .L5+4
 136 0042 1140     		and	r1, r2
 137 0044 FA1D     		add	r2, r7, #7
 138 0046 1278     		ldrb	r2, [r2]
 139 0048 9201     		lsl	r2, r2, #6
 140 004a 0A43     		orr	r2, r1
 141 004c 1A60     		str	r2, [r3]
  78:.\Generated_Source\PSoC4/Pin_Button.c **** }
 142              		.loc 1 78 0
 143 004e BD46     		mov	sp, r7
 144 0050 02B0     		add	sp, sp, #8
 145              		@ sp needed for prologue
 146 0052 80BD     		pop	{r7, pc}
 147              	.L6:
 148              		.align	2
 149              	.L5:
 150 0054 08020440 		.word	1074004488
ARM GAS  C:\Users\trehans\AppData\Local\Temp\ccuhN6Hk.s 			page 5


 151 0058 3FFEFFFF 		.word	-449
 152              		.cfi_endproc
 153              	.LFE1:
 154              		.size	Pin_Button_SetDriveMode, .-Pin_Button_SetDriveMode
 155              		.section	.text.Pin_Button_Read,"ax",%progbits
 156              		.align	2
 157              		.global	Pin_Button_Read
 158              		.code	16
 159              		.thumb_func
 160              		.type	Pin_Button_Read, %function
 161              	Pin_Button_Read:
 162              	.LFB2:
  79:.\Generated_Source\PSoC4/Pin_Button.c **** 
  80:.\Generated_Source\PSoC4/Pin_Button.c **** 
  81:.\Generated_Source\PSoC4/Pin_Button.c **** /*******************************************************************************
  82:.\Generated_Source\PSoC4/Pin_Button.c **** * Function Name: Pin_Button_Read
  83:.\Generated_Source\PSoC4/Pin_Button.c **** ********************************************************************************
  84:.\Generated_Source\PSoC4/Pin_Button.c **** *
  85:.\Generated_Source\PSoC4/Pin_Button.c **** * Summary:
  86:.\Generated_Source\PSoC4/Pin_Button.c **** *  Read the current value on the pins of the Digital Port in right justified 
  87:.\Generated_Source\PSoC4/Pin_Button.c **** *  form.
  88:.\Generated_Source\PSoC4/Pin_Button.c **** *
  89:.\Generated_Source\PSoC4/Pin_Button.c **** * Parameters:  
  90:.\Generated_Source\PSoC4/Pin_Button.c **** *  None 
  91:.\Generated_Source\PSoC4/Pin_Button.c **** *
  92:.\Generated_Source\PSoC4/Pin_Button.c **** * Return: 
  93:.\Generated_Source\PSoC4/Pin_Button.c **** *  Returns the current value of the Digital Port as a right justified number
  94:.\Generated_Source\PSoC4/Pin_Button.c **** *  
  95:.\Generated_Source\PSoC4/Pin_Button.c **** * Note:
  96:.\Generated_Source\PSoC4/Pin_Button.c **** *  Macro Pin_Button_ReadPS calls this function. 
  97:.\Generated_Source\PSoC4/Pin_Button.c **** *  
  98:.\Generated_Source\PSoC4/Pin_Button.c **** *******************************************************************************/
  99:.\Generated_Source\PSoC4/Pin_Button.c **** uint8 Pin_Button_Read(void) 
 100:.\Generated_Source\PSoC4/Pin_Button.c **** {
 163              		.loc 1 100 0
 164              		.cfi_startproc
 165 0000 80B5     		push	{r7, lr}
 166              	.LCFI6:
 167              		.cfi_def_cfa_offset 8
 168              		.cfi_offset 7, -8
 169              		.cfi_offset 14, -4
 170 0002 00AF     		add	r7, sp, #0
 171              	.LCFI7:
 172              		.cfi_def_cfa_register 7
 101:.\Generated_Source\PSoC4/Pin_Button.c ****     return (uint8)((Pin_Button_PS & Pin_Button_MASK) >> Pin_Button_SHIFT);
 173              		.loc 1 101 0
 174 0004 044B     		ldr	r3, .L9
 175 0006 1B68     		ldr	r3, [r3]
 176 0008 DAB2     		uxtb	r2, r3
 177 000a 0723     		mov	r3, #7
 178 000c 1340     		and	r3, r2
 179 000e DBB2     		uxtb	r3, r3
 102:.\Generated_Source\PSoC4/Pin_Button.c **** }
 180              		.loc 1 102 0
 181 0010 181C     		mov	r0, r3
 182 0012 BD46     		mov	sp, r7
 183              		@ sp needed for prologue
ARM GAS  C:\Users\trehans\AppData\Local\Temp\ccuhN6Hk.s 			page 6


 184 0014 80BD     		pop	{r7, pc}
 185              	.L10:
 186 0016 C046     		.align	2
 187              	.L9:
 188 0018 04020440 		.word	1074004484
 189              		.cfi_endproc
 190              	.LFE2:
 191              		.size	Pin_Button_Read, .-Pin_Button_Read
 192              		.section	.text.Pin_Button_ReadDataReg,"ax",%progbits
 193              		.align	2
 194              		.global	Pin_Button_ReadDataReg
 195              		.code	16
 196              		.thumb_func
 197              		.type	Pin_Button_ReadDataReg, %function
 198              	Pin_Button_ReadDataReg:
 199              	.LFB3:
 103:.\Generated_Source\PSoC4/Pin_Button.c **** 
 104:.\Generated_Source\PSoC4/Pin_Button.c **** 
 105:.\Generated_Source\PSoC4/Pin_Button.c **** /*******************************************************************************
 106:.\Generated_Source\PSoC4/Pin_Button.c **** * Function Name: Pin_Button_ReadDataReg
 107:.\Generated_Source\PSoC4/Pin_Button.c **** ********************************************************************************
 108:.\Generated_Source\PSoC4/Pin_Button.c **** *
 109:.\Generated_Source\PSoC4/Pin_Button.c **** * Summary:
 110:.\Generated_Source\PSoC4/Pin_Button.c **** *  Read the current value assigned to a Digital Port's data output register
 111:.\Generated_Source\PSoC4/Pin_Button.c **** *
 112:.\Generated_Source\PSoC4/Pin_Button.c **** * Parameters:  
 113:.\Generated_Source\PSoC4/Pin_Button.c **** *  None 
 114:.\Generated_Source\PSoC4/Pin_Button.c **** *
 115:.\Generated_Source\PSoC4/Pin_Button.c **** * Return: 
 116:.\Generated_Source\PSoC4/Pin_Button.c **** *  Returns the current value assigned to the Digital Port's data output register
 117:.\Generated_Source\PSoC4/Pin_Button.c **** *  
 118:.\Generated_Source\PSoC4/Pin_Button.c **** *******************************************************************************/
 119:.\Generated_Source\PSoC4/Pin_Button.c **** uint8 Pin_Button_ReadDataReg(void) 
 120:.\Generated_Source\PSoC4/Pin_Button.c **** {
 200              		.loc 1 120 0
 201              		.cfi_startproc
 202 0000 80B5     		push	{r7, lr}
 203              	.LCFI8:
 204              		.cfi_def_cfa_offset 8
 205              		.cfi_offset 7, -8
 206              		.cfi_offset 14, -4
 207 0002 00AF     		add	r7, sp, #0
 208              	.LCFI9:
 209              		.cfi_def_cfa_register 7
 121:.\Generated_Source\PSoC4/Pin_Button.c ****     return (uint8)((Pin_Button_DR & Pin_Button_MASK) >> Pin_Button_SHIFT);
 210              		.loc 1 121 0
 211 0004 044B     		ldr	r3, .L13
 212 0006 1B68     		ldr	r3, [r3]
 213 0008 DAB2     		uxtb	r2, r3
 214 000a 0723     		mov	r3, #7
 215 000c 1340     		and	r3, r2
 216 000e DBB2     		uxtb	r3, r3
 122:.\Generated_Source\PSoC4/Pin_Button.c **** }
 217              		.loc 1 122 0
 218 0010 181C     		mov	r0, r3
 219 0012 BD46     		mov	sp, r7
 220              		@ sp needed for prologue
ARM GAS  C:\Users\trehans\AppData\Local\Temp\ccuhN6Hk.s 			page 7


 221 0014 80BD     		pop	{r7, pc}
 222              	.L14:
 223 0016 C046     		.align	2
 224              	.L13:
 225 0018 00020440 		.word	1074004480
 226              		.cfi_endproc
 227              	.LFE3:
 228              		.size	Pin_Button_ReadDataReg, .-Pin_Button_ReadDataReg
 229              		.section	.text.Pin_Button_ClearInterrupt,"ax",%progbits
 230              		.align	2
 231              		.global	Pin_Button_ClearInterrupt
 232              		.code	16
 233              		.thumb_func
 234              		.type	Pin_Button_ClearInterrupt, %function
 235              	Pin_Button_ClearInterrupt:
 236              	.LFB4:
 123:.\Generated_Source\PSoC4/Pin_Button.c **** 
 124:.\Generated_Source\PSoC4/Pin_Button.c **** 
 125:.\Generated_Source\PSoC4/Pin_Button.c **** /* If Interrupts Are Enabled for this Pins component */ 
 126:.\Generated_Source\PSoC4/Pin_Button.c **** #if defined(Pin_Button_INTSTAT) 
 127:.\Generated_Source\PSoC4/Pin_Button.c **** 
 128:.\Generated_Source\PSoC4/Pin_Button.c ****     /*******************************************************************************
 129:.\Generated_Source\PSoC4/Pin_Button.c ****     * Function Name: Pin_Button_ClearInterrupt
 130:.\Generated_Source\PSoC4/Pin_Button.c ****     ********************************************************************************
 131:.\Generated_Source\PSoC4/Pin_Button.c ****     *
 132:.\Generated_Source\PSoC4/Pin_Button.c ****     * Summary:
 133:.\Generated_Source\PSoC4/Pin_Button.c ****     *  Clears any active interrupts attached to port and returns the value of the 
 134:.\Generated_Source\PSoC4/Pin_Button.c ****     *  interrupt status register.
 135:.\Generated_Source\PSoC4/Pin_Button.c ****     *
 136:.\Generated_Source\PSoC4/Pin_Button.c ****     * Parameters:  
 137:.\Generated_Source\PSoC4/Pin_Button.c ****     *  None 
 138:.\Generated_Source\PSoC4/Pin_Button.c ****     *
 139:.\Generated_Source\PSoC4/Pin_Button.c ****     * Return: 
 140:.\Generated_Source\PSoC4/Pin_Button.c ****     *  Returns the value of the interrupt status register
 141:.\Generated_Source\PSoC4/Pin_Button.c ****     *  
 142:.\Generated_Source\PSoC4/Pin_Button.c ****     *******************************************************************************/
 143:.\Generated_Source\PSoC4/Pin_Button.c ****     uint8 Pin_Button_ClearInterrupt(void) 
 144:.\Generated_Source\PSoC4/Pin_Button.c ****     {
 237              		.loc 1 144 0
 238              		.cfi_startproc
 239 0000 80B5     		push	{r7, lr}
 240              	.LCFI10:
 241              		.cfi_def_cfa_offset 8
 242              		.cfi_offset 7, -8
 243              		.cfi_offset 14, -4
 244 0002 82B0     		sub	sp, sp, #8
 245              	.LCFI11:
 246              		.cfi_def_cfa_offset 16
 247 0004 00AF     		add	r7, sp, #0
 248              	.LCFI12:
 249              		.cfi_def_cfa_register 7
 145:.\Generated_Source\PSoC4/Pin_Button.c **** 		uint8 maskedStatus = (uint8)(Pin_Button_INTSTAT & Pin_Button_MASK);
 250              		.loc 1 145 0
 251 0006 084B     		ldr	r3, .L17
 252 0008 1B68     		ldr	r3, [r3]
 253 000a D9B2     		uxtb	r1, r3
 254 000c FB1D     		add	r3, r7, #7
ARM GAS  C:\Users\trehans\AppData\Local\Temp\ccuhN6Hk.s 			page 8


 255 000e 0722     		mov	r2, #7
 256 0010 0A40     		and	r2, r1
 257 0012 1A70     		strb	r2, [r3]
 146:.\Generated_Source\PSoC4/Pin_Button.c **** 		Pin_Button_INTSTAT = maskedStatus;
 258              		.loc 1 146 0
 259 0014 044B     		ldr	r3, .L17
 260 0016 FA1D     		add	r2, r7, #7
 261 0018 1278     		ldrb	r2, [r2]
 262 001a 1A60     		str	r2, [r3]
 147:.\Generated_Source\PSoC4/Pin_Button.c ****         return maskedStatus >> Pin_Button_SHIFT;
 263              		.loc 1 147 0
 264 001c FB1D     		add	r3, r7, #7
 265 001e 1B78     		ldrb	r3, [r3]
 148:.\Generated_Source\PSoC4/Pin_Button.c ****     }
 266              		.loc 1 148 0
 267 0020 181C     		mov	r0, r3
 268 0022 BD46     		mov	sp, r7
 269 0024 02B0     		add	sp, sp, #8
 270              		@ sp needed for prologue
 271 0026 80BD     		pop	{r7, pc}
 272              	.L18:
 273              		.align	2
 274              	.L17:
 275 0028 10020440 		.word	1074004496
 276              		.cfi_endproc
 277              	.LFE4:
 278              		.size	Pin_Button_ClearInterrupt, .-Pin_Button_ClearInterrupt
 279              		.text
 280              	.Letext0:
 281              		.file 2 ".\\Generated_Source\\PSoC4\\cytypes.h"
 282              		.section	.debug_info,"",%progbits
 283              	.Ldebug_info0:
 284 0000 64010000 		.4byte	0x164
 285 0004 0200     		.2byte	0x2
 286 0006 00000000 		.4byte	.Ldebug_abbrev0
 287 000a 04       		.byte	0x4
 288 000b 01       		.uleb128 0x1
 289 000c 5C010000 		.4byte	.LASF24
 290 0010 01       		.byte	0x1
 291 0011 A5010000 		.4byte	.LASF25
 292 0015 A2000000 		.4byte	.LASF26
 293 0019 00000000 		.4byte	.Ldebug_ranges0+0
 294 001d 00000000 		.4byte	0
 295 0021 00000000 		.4byte	0
 296 0025 00000000 		.4byte	.Ldebug_line0
 297 0029 02       		.uleb128 0x2
 298 002a 01       		.byte	0x1
 299 002b 06       		.byte	0x6
 300 002c EE010000 		.4byte	.LASF0
 301 0030 02       		.uleb128 0x2
 302 0031 01       		.byte	0x1
 303 0032 08       		.byte	0x8
 304 0033 52000000 		.4byte	.LASF1
 305 0037 02       		.uleb128 0x2
 306 0038 02       		.byte	0x2
 307 0039 05       		.byte	0x5
 308 003a 4C010000 		.4byte	.LASF2
ARM GAS  C:\Users\trehans\AppData\Local\Temp\ccuhN6Hk.s 			page 9


 309 003e 02       		.uleb128 0x2
 310 003f 02       		.byte	0x2
 311 0040 07       		.byte	0x7
 312 0041 88000000 		.4byte	.LASF3
 313 0045 02       		.uleb128 0x2
 314 0046 04       		.byte	0x4
 315 0047 05       		.byte	0x5
 316 0048 CB010000 		.4byte	.LASF4
 317 004c 02       		.uleb128 0x2
 318 004d 04       		.byte	0x4
 319 004e 07       		.byte	0x7
 320 004f 66000000 		.4byte	.LASF5
 321 0053 02       		.uleb128 0x2
 322 0054 08       		.byte	0x8
 323 0055 05       		.byte	0x5
 324 0056 2C010000 		.4byte	.LASF6
 325 005a 02       		.uleb128 0x2
 326 005b 08       		.byte	0x8
 327 005c 07       		.byte	0x7
 328 005d 10010000 		.4byte	.LASF7
 329 0061 03       		.uleb128 0x3
 330 0062 04       		.byte	0x4
 331 0063 05       		.byte	0x5
 332 0064 696E7400 		.ascii	"int\000"
 333 0068 02       		.uleb128 0x2
 334 0069 04       		.byte	0x4
 335 006a 07       		.byte	0x7
 336 006b 03010000 		.4byte	.LASF8
 337 006f 04       		.uleb128 0x4
 338 0070 56010000 		.4byte	.LASF9
 339 0074 02       		.byte	0x2
 340 0075 5B       		.byte	0x5b
 341 0076 30000000 		.4byte	0x30
 342 007a 04       		.uleb128 0x4
 343 007b FC000000 		.4byte	.LASF10
 344 007f 02       		.byte	0x2
 345 0080 5D       		.byte	0x5d
 346 0081 4C000000 		.4byte	0x4c
 347 0085 02       		.uleb128 0x2
 348 0086 04       		.byte	0x4
 349 0087 04       		.byte	0x4
 350 0088 4C000000 		.4byte	.LASF11
 351 008c 02       		.uleb128 0x2
 352 008d 08       		.byte	0x8
 353 008e 04       		.byte	0x4
 354 008f 9B000000 		.4byte	.LASF12
 355 0093 02       		.uleb128 0x2
 356 0094 01       		.byte	0x1
 357 0095 08       		.byte	0x8
 358 0096 47010000 		.4byte	.LASF13
 359 009a 04       		.uleb128 0x4
 360 009b 00000000 		.4byte	.LASF14
 361 009f 02       		.byte	0x2
 362 00a0 F2       		.byte	0xf2
 363 00a1 A5000000 		.4byte	0xa5
 364 00a5 05       		.uleb128 0x5
 365 00a6 7A000000 		.4byte	0x7a
ARM GAS  C:\Users\trehans\AppData\Local\Temp\ccuhN6Hk.s 			page 10


 366 00aa 06       		.uleb128 0x6
 367 00ab 01       		.byte	0x1
 368 00ac 24000000 		.4byte	.LASF15
 369 00b0 01       		.byte	0x1
 370 00b1 2A       		.byte	0x2a
 371 00b2 01       		.byte	0x1
 372 00b3 00000000 		.4byte	.LFB0
 373 00b7 48000000 		.4byte	.LFE0
 374 00bb 00000000 		.4byte	.LLST0
 375 00bf 01       		.byte	0x1
 376 00c0 E1000000 		.4byte	0xe1
 377 00c4 07       		.uleb128 0x7
 378 00c5 1E000000 		.4byte	.LASF17
 379 00c9 01       		.byte	0x1
 380 00ca 2A       		.byte	0x2a
 381 00cb 6F000000 		.4byte	0x6f
 382 00cf 02       		.byte	0x2
 383 00d0 91       		.byte	0x91
 384 00d1 6F       		.sleb128 -17
 385 00d2 08       		.uleb128 0x8
 386 00d3 60000000 		.4byte	.LASF22
 387 00d7 01       		.byte	0x1
 388 00d8 2C       		.byte	0x2c
 389 00d9 6F000000 		.4byte	0x6f
 390 00dd 02       		.byte	0x2
 391 00de 91       		.byte	0x91
 392 00df 77       		.sleb128 -9
 393 00e0 00       		.byte	0
 394 00e1 06       		.uleb128 0x6
 395 00e2 01       		.byte	0x1
 396 00e3 06000000 		.4byte	.LASF16
 397 00e7 01       		.byte	0x1
 398 00e8 49       		.byte	0x49
 399 00e9 01       		.byte	0x1
 400 00ea 00000000 		.4byte	.LFB1
 401 00ee 5C000000 		.4byte	.LFE1
 402 00f2 38000000 		.4byte	.LLST1
 403 00f6 01       		.byte	0x1
 404 00f7 0A010000 		.4byte	0x10a
 405 00fb 07       		.uleb128 0x7
 406 00fc 27010000 		.4byte	.LASF18
 407 0100 01       		.byte	0x1
 408 0101 49       		.byte	0x49
 409 0102 6F000000 		.4byte	0x6f
 410 0106 02       		.byte	0x2
 411 0107 91       		.byte	0x91
 412 0108 77       		.sleb128 -9
 413 0109 00       		.byte	0
 414 010a 09       		.uleb128 0x9
 415 010b 01       		.byte	0x1
 416 010c 78000000 		.4byte	.LASF19
 417 0110 01       		.byte	0x1
 418 0111 63       		.byte	0x63
 419 0112 01       		.byte	0x1
 420 0113 6F000000 		.4byte	0x6f
 421 0117 00000000 		.4byte	.LFB2
 422 011b 1C000000 		.4byte	.LFE2
ARM GAS  C:\Users\trehans\AppData\Local\Temp\ccuhN6Hk.s 			page 11


 423 011f 70000000 		.4byte	.LLST2
 424 0123 01       		.byte	0x1
 425 0124 09       		.uleb128 0x9
 426 0125 01       		.byte	0x1
 427 0126 35000000 		.4byte	.LASF20
 428 012a 01       		.byte	0x1
 429 012b 77       		.byte	0x77
 430 012c 01       		.byte	0x1
 431 012d 6F000000 		.4byte	0x6f
 432 0131 00000000 		.4byte	.LFB3
 433 0135 1C000000 		.4byte	.LFE3
 434 0139 9C000000 		.4byte	.LLST3
 435 013d 01       		.byte	0x1
 436 013e 0A       		.uleb128 0xa
 437 013f 01       		.byte	0x1
 438 0140 D4010000 		.4byte	.LASF21
 439 0144 01       		.byte	0x1
 440 0145 8F       		.byte	0x8f
 441 0146 01       		.byte	0x1
 442 0147 6F000000 		.4byte	0x6f
 443 014b 00000000 		.4byte	.LFB4
 444 014f 2C000000 		.4byte	.LFE4
 445 0153 C8000000 		.4byte	.LLST4
 446 0157 01       		.byte	0x1
 447 0158 08       		.uleb128 0x8
 448 0159 3A010000 		.4byte	.LASF23
 449 015d 01       		.byte	0x1
 450 015e 91       		.byte	0x91
 451 015f 6F000000 		.4byte	0x6f
 452 0163 02       		.byte	0x2
 453 0164 91       		.byte	0x91
 454 0165 77       		.sleb128 -9
 455 0166 00       		.byte	0
 456 0167 00       		.byte	0
 457              		.section	.debug_abbrev,"",%progbits
 458              	.Ldebug_abbrev0:
 459 0000 01       		.uleb128 0x1
 460 0001 11       		.uleb128 0x11
 461 0002 01       		.byte	0x1
 462 0003 25       		.uleb128 0x25
 463 0004 0E       		.uleb128 0xe
 464 0005 13       		.uleb128 0x13
 465 0006 0B       		.uleb128 0xb
 466 0007 03       		.uleb128 0x3
 467 0008 0E       		.uleb128 0xe
 468 0009 1B       		.uleb128 0x1b
 469 000a 0E       		.uleb128 0xe
 470 000b 55       		.uleb128 0x55
 471 000c 06       		.uleb128 0x6
 472 000d 11       		.uleb128 0x11
 473 000e 01       		.uleb128 0x1
 474 000f 52       		.uleb128 0x52
 475 0010 01       		.uleb128 0x1
 476 0011 10       		.uleb128 0x10
 477 0012 06       		.uleb128 0x6
 478 0013 00       		.byte	0
 479 0014 00       		.byte	0
ARM GAS  C:\Users\trehans\AppData\Local\Temp\ccuhN6Hk.s 			page 12


 480 0015 02       		.uleb128 0x2
 481 0016 24       		.uleb128 0x24
 482 0017 00       		.byte	0
 483 0018 0B       		.uleb128 0xb
 484 0019 0B       		.uleb128 0xb
 485 001a 3E       		.uleb128 0x3e
 486 001b 0B       		.uleb128 0xb
 487 001c 03       		.uleb128 0x3
 488 001d 0E       		.uleb128 0xe
 489 001e 00       		.byte	0
 490 001f 00       		.byte	0
 491 0020 03       		.uleb128 0x3
 492 0021 24       		.uleb128 0x24
 493 0022 00       		.byte	0
 494 0023 0B       		.uleb128 0xb
 495 0024 0B       		.uleb128 0xb
 496 0025 3E       		.uleb128 0x3e
 497 0026 0B       		.uleb128 0xb
 498 0027 03       		.uleb128 0x3
 499 0028 08       		.uleb128 0x8
 500 0029 00       		.byte	0
 501 002a 00       		.byte	0
 502 002b 04       		.uleb128 0x4
 503 002c 16       		.uleb128 0x16
 504 002d 00       		.byte	0
 505 002e 03       		.uleb128 0x3
 506 002f 0E       		.uleb128 0xe
 507 0030 3A       		.uleb128 0x3a
 508 0031 0B       		.uleb128 0xb
 509 0032 3B       		.uleb128 0x3b
 510 0033 0B       		.uleb128 0xb
 511 0034 49       		.uleb128 0x49
 512 0035 13       		.uleb128 0x13
 513 0036 00       		.byte	0
 514 0037 00       		.byte	0
 515 0038 05       		.uleb128 0x5
 516 0039 35       		.uleb128 0x35
 517 003a 00       		.byte	0
 518 003b 49       		.uleb128 0x49
 519 003c 13       		.uleb128 0x13
 520 003d 00       		.byte	0
 521 003e 00       		.byte	0
 522 003f 06       		.uleb128 0x6
 523 0040 2E       		.uleb128 0x2e
 524 0041 01       		.byte	0x1
 525 0042 3F       		.uleb128 0x3f
 526 0043 0C       		.uleb128 0xc
 527 0044 03       		.uleb128 0x3
 528 0045 0E       		.uleb128 0xe
 529 0046 3A       		.uleb128 0x3a
 530 0047 0B       		.uleb128 0xb
 531 0048 3B       		.uleb128 0x3b
 532 0049 0B       		.uleb128 0xb
 533 004a 27       		.uleb128 0x27
 534 004b 0C       		.uleb128 0xc
 535 004c 11       		.uleb128 0x11
 536 004d 01       		.uleb128 0x1
ARM GAS  C:\Users\trehans\AppData\Local\Temp\ccuhN6Hk.s 			page 13


 537 004e 12       		.uleb128 0x12
 538 004f 01       		.uleb128 0x1
 539 0050 40       		.uleb128 0x40
 540 0051 06       		.uleb128 0x6
 541 0052 9742     		.uleb128 0x2117
 542 0054 0C       		.uleb128 0xc
 543 0055 01       		.uleb128 0x1
 544 0056 13       		.uleb128 0x13
 545 0057 00       		.byte	0
 546 0058 00       		.byte	0
 547 0059 07       		.uleb128 0x7
 548 005a 05       		.uleb128 0x5
 549 005b 00       		.byte	0
 550 005c 03       		.uleb128 0x3
 551 005d 0E       		.uleb128 0xe
 552 005e 3A       		.uleb128 0x3a
 553 005f 0B       		.uleb128 0xb
 554 0060 3B       		.uleb128 0x3b
 555 0061 0B       		.uleb128 0xb
 556 0062 49       		.uleb128 0x49
 557 0063 13       		.uleb128 0x13
 558 0064 02       		.uleb128 0x2
 559 0065 0A       		.uleb128 0xa
 560 0066 00       		.byte	0
 561 0067 00       		.byte	0
 562 0068 08       		.uleb128 0x8
 563 0069 34       		.uleb128 0x34
 564 006a 00       		.byte	0
 565 006b 03       		.uleb128 0x3
 566 006c 0E       		.uleb128 0xe
 567 006d 3A       		.uleb128 0x3a
 568 006e 0B       		.uleb128 0xb
 569 006f 3B       		.uleb128 0x3b
 570 0070 0B       		.uleb128 0xb
 571 0071 49       		.uleb128 0x49
 572 0072 13       		.uleb128 0x13
 573 0073 02       		.uleb128 0x2
 574 0074 0A       		.uleb128 0xa
 575 0075 00       		.byte	0
 576 0076 00       		.byte	0
 577 0077 09       		.uleb128 0x9
 578 0078 2E       		.uleb128 0x2e
 579 0079 00       		.byte	0
 580 007a 3F       		.uleb128 0x3f
 581 007b 0C       		.uleb128 0xc
 582 007c 03       		.uleb128 0x3
 583 007d 0E       		.uleb128 0xe
 584 007e 3A       		.uleb128 0x3a
 585 007f 0B       		.uleb128 0xb
 586 0080 3B       		.uleb128 0x3b
 587 0081 0B       		.uleb128 0xb
 588 0082 27       		.uleb128 0x27
 589 0083 0C       		.uleb128 0xc
 590 0084 49       		.uleb128 0x49
 591 0085 13       		.uleb128 0x13
 592 0086 11       		.uleb128 0x11
 593 0087 01       		.uleb128 0x1
ARM GAS  C:\Users\trehans\AppData\Local\Temp\ccuhN6Hk.s 			page 14


 594 0088 12       		.uleb128 0x12
 595 0089 01       		.uleb128 0x1
 596 008a 40       		.uleb128 0x40
 597 008b 06       		.uleb128 0x6
 598 008c 9742     		.uleb128 0x2117
 599 008e 0C       		.uleb128 0xc
 600 008f 00       		.byte	0
 601 0090 00       		.byte	0
 602 0091 0A       		.uleb128 0xa
 603 0092 2E       		.uleb128 0x2e
 604 0093 01       		.byte	0x1
 605 0094 3F       		.uleb128 0x3f
 606 0095 0C       		.uleb128 0xc
 607 0096 03       		.uleb128 0x3
 608 0097 0E       		.uleb128 0xe
 609 0098 3A       		.uleb128 0x3a
 610 0099 0B       		.uleb128 0xb
 611 009a 3B       		.uleb128 0x3b
 612 009b 0B       		.uleb128 0xb
 613 009c 27       		.uleb128 0x27
 614 009d 0C       		.uleb128 0xc
 615 009e 49       		.uleb128 0x49
 616 009f 13       		.uleb128 0x13
 617 00a0 11       		.uleb128 0x11
 618 00a1 01       		.uleb128 0x1
 619 00a2 12       		.uleb128 0x12
 620 00a3 01       		.uleb128 0x1
 621 00a4 40       		.uleb128 0x40
 622 00a5 06       		.uleb128 0x6
 623 00a6 9742     		.uleb128 0x2117
 624 00a8 0C       		.uleb128 0xc
 625 00a9 00       		.byte	0
 626 00aa 00       		.byte	0
 627 00ab 00       		.byte	0
 628              		.section	.debug_loc,"",%progbits
 629              	.Ldebug_loc0:
 630              	.LLST0:
 631 0000 00000000 		.4byte	.LFB0
 632 0004 02000000 		.4byte	.LCFI0
 633 0008 0200     		.2byte	0x2
 634 000a 7D       		.byte	0x7d
 635 000b 00       		.sleb128 0
 636 000c 02000000 		.4byte	.LCFI0
 637 0010 04000000 		.4byte	.LCFI1
 638 0014 0200     		.2byte	0x2
 639 0016 7D       		.byte	0x7d
 640 0017 08       		.sleb128 8
 641 0018 04000000 		.4byte	.LCFI1
 642 001c 06000000 		.4byte	.LCFI2
 643 0020 0200     		.2byte	0x2
 644 0022 7D       		.byte	0x7d
 645 0023 18       		.sleb128 24
 646 0024 06000000 		.4byte	.LCFI2
 647 0028 48000000 		.4byte	.LFE0
 648 002c 0200     		.2byte	0x2
 649 002e 77       		.byte	0x77
 650 002f 18       		.sleb128 24
ARM GAS  C:\Users\trehans\AppData\Local\Temp\ccuhN6Hk.s 			page 15


 651 0030 00000000 		.4byte	0
 652 0034 00000000 		.4byte	0
 653              	.LLST1:
 654 0038 00000000 		.4byte	.LFB1
 655 003c 02000000 		.4byte	.LCFI3
 656 0040 0200     		.2byte	0x2
 657 0042 7D       		.byte	0x7d
 658 0043 00       		.sleb128 0
 659 0044 02000000 		.4byte	.LCFI3
 660 0048 04000000 		.4byte	.LCFI4
 661 004c 0200     		.2byte	0x2
 662 004e 7D       		.byte	0x7d
 663 004f 08       		.sleb128 8
 664 0050 04000000 		.4byte	.LCFI4
 665 0054 06000000 		.4byte	.LCFI5
 666 0058 0200     		.2byte	0x2
 667 005a 7D       		.byte	0x7d
 668 005b 10       		.sleb128 16
 669 005c 06000000 		.4byte	.LCFI5
 670 0060 5C000000 		.4byte	.LFE1
 671 0064 0200     		.2byte	0x2
 672 0066 77       		.byte	0x77
 673 0067 10       		.sleb128 16
 674 0068 00000000 		.4byte	0
 675 006c 00000000 		.4byte	0
 676              	.LLST2:
 677 0070 00000000 		.4byte	.LFB2
 678 0074 02000000 		.4byte	.LCFI6
 679 0078 0200     		.2byte	0x2
 680 007a 7D       		.byte	0x7d
 681 007b 00       		.sleb128 0
 682 007c 02000000 		.4byte	.LCFI6
 683 0080 04000000 		.4byte	.LCFI7
 684 0084 0200     		.2byte	0x2
 685 0086 7D       		.byte	0x7d
 686 0087 08       		.sleb128 8
 687 0088 04000000 		.4byte	.LCFI7
 688 008c 1C000000 		.4byte	.LFE2
 689 0090 0200     		.2byte	0x2
 690 0092 77       		.byte	0x77
 691 0093 08       		.sleb128 8
 692 0094 00000000 		.4byte	0
 693 0098 00000000 		.4byte	0
 694              	.LLST3:
 695 009c 00000000 		.4byte	.LFB3
 696 00a0 02000000 		.4byte	.LCFI8
 697 00a4 0200     		.2byte	0x2
 698 00a6 7D       		.byte	0x7d
 699 00a7 00       		.sleb128 0
 700 00a8 02000000 		.4byte	.LCFI8
 701 00ac 04000000 		.4byte	.LCFI9
 702 00b0 0200     		.2byte	0x2
 703 00b2 7D       		.byte	0x7d
 704 00b3 08       		.sleb128 8
 705 00b4 04000000 		.4byte	.LCFI9
 706 00b8 1C000000 		.4byte	.LFE3
 707 00bc 0200     		.2byte	0x2
ARM GAS  C:\Users\trehans\AppData\Local\Temp\ccuhN6Hk.s 			page 16


 708 00be 77       		.byte	0x77
 709 00bf 08       		.sleb128 8
 710 00c0 00000000 		.4byte	0
 711 00c4 00000000 		.4byte	0
 712              	.LLST4:
 713 00c8 00000000 		.4byte	.LFB4
 714 00cc 02000000 		.4byte	.LCFI10
 715 00d0 0200     		.2byte	0x2
 716 00d2 7D       		.byte	0x7d
 717 00d3 00       		.sleb128 0
 718 00d4 02000000 		.4byte	.LCFI10
 719 00d8 04000000 		.4byte	.LCFI11
 720 00dc 0200     		.2byte	0x2
 721 00de 7D       		.byte	0x7d
 722 00df 08       		.sleb128 8
 723 00e0 04000000 		.4byte	.LCFI11
 724 00e4 06000000 		.4byte	.LCFI12
 725 00e8 0200     		.2byte	0x2
 726 00ea 7D       		.byte	0x7d
 727 00eb 10       		.sleb128 16
 728 00ec 06000000 		.4byte	.LCFI12
 729 00f0 2C000000 		.4byte	.LFE4
 730 00f4 0200     		.2byte	0x2
 731 00f6 77       		.byte	0x77
 732 00f7 10       		.sleb128 16
 733 00f8 00000000 		.4byte	0
 734 00fc 00000000 		.4byte	0
 735              		.section	.debug_aranges,"",%progbits
 736 0000 3C000000 		.4byte	0x3c
 737 0004 0200     		.2byte	0x2
 738 0006 00000000 		.4byte	.Ldebug_info0
 739 000a 04       		.byte	0x4
 740 000b 00       		.byte	0
 741 000c 0000     		.2byte	0
 742 000e 0000     		.2byte	0
 743 0010 00000000 		.4byte	.LFB0
 744 0014 48000000 		.4byte	.LFE0-.LFB0
 745 0018 00000000 		.4byte	.LFB1
 746 001c 5C000000 		.4byte	.LFE1-.LFB1
 747 0020 00000000 		.4byte	.LFB2
 748 0024 1C000000 		.4byte	.LFE2-.LFB2
 749 0028 00000000 		.4byte	.LFB3
 750 002c 1C000000 		.4byte	.LFE3-.LFB3
 751 0030 00000000 		.4byte	.LFB4
 752 0034 2C000000 		.4byte	.LFE4-.LFB4
 753 0038 00000000 		.4byte	0
 754 003c 00000000 		.4byte	0
 755              		.section	.debug_ranges,"",%progbits
 756              	.Ldebug_ranges0:
 757 0000 00000000 		.4byte	.LFB0
 758 0004 48000000 		.4byte	.LFE0
 759 0008 00000000 		.4byte	.LFB1
 760 000c 5C000000 		.4byte	.LFE1
 761 0010 00000000 		.4byte	.LFB2
 762 0014 1C000000 		.4byte	.LFE2
 763 0018 00000000 		.4byte	.LFB3
 764 001c 1C000000 		.4byte	.LFE3
ARM GAS  C:\Users\trehans\AppData\Local\Temp\ccuhN6Hk.s 			page 17


 765 0020 00000000 		.4byte	.LFB4
 766 0024 2C000000 		.4byte	.LFE4
 767 0028 00000000 		.4byte	0
 768 002c 00000000 		.4byte	0
 769              		.section	.debug_line,"",%progbits
 770              	.Ldebug_line0:
 771 0000 AE000000 		.section	.debug_str,"MS",%progbits,1
 771      02004900 
 771      00000201 
 771      FB0E0D00 
 771      01010101 
 772              	.LASF14:
 773 0000 72656733 		.ascii	"reg32\000"
 773      3200
 774              	.LASF16:
 775 0006 50696E5F 		.ascii	"Pin_Button_SetDriveMode\000"
 775      42757474 
 775      6F6E5F53 
 775      65744472 
 775      6976654D 
 776              	.LASF17:
 777 001e 76616C75 		.ascii	"value\000"
 777      6500
 778              	.LASF15:
 779 0024 50696E5F 		.ascii	"Pin_Button_Write\000"
 779      42757474 
 779      6F6E5F57 
 779      72697465 
 779      00
 780              	.LASF20:
 781 0035 50696E5F 		.ascii	"Pin_Button_ReadDataReg\000"
 781      42757474 
 781      6F6E5F52 
 781      65616444 
 781      61746152 
 782              	.LASF11:
 783 004c 666C6F61 		.ascii	"float\000"
 783      7400
 784              	.LASF1:
 785 0052 756E7369 		.ascii	"unsigned char\000"
 785      676E6564 
 785      20636861 
 785      7200
 786              	.LASF22:
 787 0060 64725661 		.ascii	"drVal\000"
 787      6C00
 788              	.LASF5:
 789 0066 6C6F6E67 		.ascii	"long unsigned int\000"
 789      20756E73 
 789      69676E65 
 789      6420696E 
 789      7400
 790              	.LASF19:
 791 0078 50696E5F 		.ascii	"Pin_Button_Read\000"
 791      42757474 
 791      6F6E5F52 
 791      65616400 
ARM GAS  C:\Users\trehans\AppData\Local\Temp\ccuhN6Hk.s 			page 18


 792              	.LASF3:
 793 0088 73686F72 		.ascii	"short unsigned int\000"
 793      7420756E 
 793      7369676E 
 793      65642069 
 793      6E7400
 794              	.LASF12:
 795 009b 646F7562 		.ascii	"double\000"
 795      6C6500
 796              	.LASF26:
 797 00a2 433A5C55 		.ascii	"C:\\Users\\trehans\\Documents\\SignAway\\Source\\PS"
 797      73657273 
 797      5C747265 
 797      68616E73 
 797      5C446F63 
 798 00cf 6F435C53 		.ascii	"oC\\SignatureVerifier\\SignatureVerifier.cydsn\000"
 798      69676E61 
 798      74757265 
 798      56657269 
 798      66696572 
 799              	.LASF10:
 800 00fc 75696E74 		.ascii	"uint32\000"
 800      333200
 801              	.LASF8:
 802 0103 756E7369 		.ascii	"unsigned int\000"
 802      676E6564 
 802      20696E74 
 802      00
 803              	.LASF7:
 804 0110 6C6F6E67 		.ascii	"long long unsigned int\000"
 804      206C6F6E 
 804      6720756E 
 804      7369676E 
 804      65642069 
 805              	.LASF18:
 806 0127 6D6F6465 		.ascii	"mode\000"
 806      00
 807              	.LASF6:
 808 012c 6C6F6E67 		.ascii	"long long int\000"
 808      206C6F6E 
 808      6720696E 
 808      7400
 809              	.LASF23:
 810 013a 6D61736B 		.ascii	"maskedStatus\000"
 810      65645374 
 810      61747573 
 810      00
 811              	.LASF13:
 812 0147 63686172 		.ascii	"char\000"
 812      00
 813              	.LASF2:
 814 014c 73686F72 		.ascii	"short int\000"
 814      7420696E 
 814      7400
 815              	.LASF9:
 816 0156 75696E74 		.ascii	"uint8\000"
 816      3800
ARM GAS  C:\Users\trehans\AppData\Local\Temp\ccuhN6Hk.s 			page 19


 817              	.LASF24:
 818 015c 474E5520 		.ascii	"GNU C 4.7.3 20130312 (release) [ARM/embedded-4_7-br"
 818      4320342E 
 818      372E3320 
 818      32303133 
 818      30333132 
 819 018f 616E6368 		.ascii	"anch revision 196615]\000"
 819      20726576 
 819      6973696F 
 819      6E203139 
 819      36363135 
 820              	.LASF25:
 821 01a5 2E5C4765 		.ascii	".\\Generated_Source\\PSoC4\\Pin_Button.c\000"
 821      6E657261 
 821      7465645F 
 821      536F7572 
 821      63655C50 
 822              	.LASF4:
 823 01cb 6C6F6E67 		.ascii	"long int\000"
 823      20696E74 
 823      00
 824              	.LASF21:
 825 01d4 50696E5F 		.ascii	"Pin_Button_ClearInterrupt\000"
 825      42757474 
 825      6F6E5F43 
 825      6C656172 
 825      496E7465 
 826              	.LASF0:
 827 01ee 7369676E 		.ascii	"signed char\000"
 827      65642063 
 827      68617200 
 828              		.ident	"GCC: (GNU Tools for ARM Embedded Processors) 4.7.3 20130312 (release) [ARM/embedded-4_7-br
