Archive member included because of file (symbol)

.\CortexM0\ARM_GCC_473\Debug\SignatureVerifier.a(cyfitter_cfg.o)
                              .\CortexM0\ARM_GCC_473\Debug\Cm0Start.o (cyfitter_cfg)
.\CortexM0\ARM_GCC_473\Debug\SignatureVerifier.a(SPI.o)
                              .\CortexM0\ARM_GCC_473\Debug\main.o (SPI_Start)
.\CortexM0\ARM_GCC_473\Debug\SignatureVerifier.a(SPI_INT.o)
                              .\CortexM0\ARM_GCC_473\Debug\SignatureVerifier.a(SPI.o) (SPI_RX_ISR)
.\CortexM0\ARM_GCC_473\Debug\SignatureVerifier.a(CyBootAsmGnu.o)
                              .\CortexM0\ARM_GCC_473\Debug\SignatureVerifier.a(cyfitter_cfg.o) (CyDelayCycles)
.\CortexM0\ARM_GCC_473\Debug\SignatureVerifier.a(CyLib.o)
                              .\CortexM0\ARM_GCC_473\Debug\SignatureVerifier.a(cyfitter_cfg.o) (CyDelayUs)
.\CortexM0\ARM_GCC_473\Debug\SignatureVerifier.a(UART.o)
                              .\CortexM0\ARM_GCC_473\Debug\main.o (UART_Start)
.\CortexM0\ARM_GCC_473\Debug\SignatureVerifier.a(UART_UART.o)
                              .\CortexM0\ARM_GCC_473\Debug\SignatureVerifier.a(UART.o) (UART_UartInit)
.\CortexM0\ARM_GCC_473\Debug\SignatureVerifier.a(Pin_LED_Debug.o)
                              .\CortexM0\ARM_GCC_473\Debug\main.o (Pin_LED_Debug_Write)
.\CortexM0\ARM_GCC_473\Debug\SignatureVerifier.a(isr_spi.o)
                              .\CortexM0\ARM_GCC_473\Debug\main.o (isr_spi_StartEx)
.\CortexM0\ARM_GCC_473\Debug\SignatureVerifier.a(isr_button.o)
                              .\CortexM0\ARM_GCC_473\Debug\main.o (isr_button_StartEx)
.\CortexM0\ARM_GCC_473\Debug\SignatureVerifier.a(Pin_Button.o)
                              .\CortexM0\ARM_GCC_473\Debug\main.o (Pin_Button_Read)
.\CortexM0\ARM_GCC_473\Debug\SignatureVerifier.a(UART_SPI_UART.o)
                              .\CortexM0\ARM_GCC_473\Debug\SignatureVerifier.a(UART_UART.o) (UART_SpiUartReadRxData)
c:/program files (x86)/cypress/psoc creator/3.0/psoc creator/import/gnu_cs/arm/4.7.3/bin/../lib/gcc/arm-none-eabi/4.7.3/armv6-m\libgcc.a(_udivsi3.o)
                              .\CortexM0\ARM_GCC_473\Debug\SignatureVerifier.a(CyLib.o) (__aeabi_uidiv)
c:/program files (x86)/cypress/psoc creator/3.0/psoc creator/import/gnu_cs/arm/4.7.3/bin/../lib/gcc/arm-none-eabi/4.7.3/armv6-m\libgcc.a(_divsi3.o)
                              .\CortexM0\ARM_GCC_473\Debug\Cm0Start.o (__aeabi_idiv)
c:/program files (x86)/cypress/psoc creator/3.0/psoc creator/import/gnu_cs/arm/4.7.3/bin/../lib/gcc/arm-none-eabi/4.7.3/armv6-m\libgcc.a(_dvmd_tls.o)
                              c:/program files (x86)/cypress/psoc creator/3.0/psoc creator/import/gnu_cs/arm/4.7.3/bin/../lib/gcc/arm-none-eabi/4.7.3/armv6-m\libgcc.a(_udivsi3.o) (__aeabi_idiv0)
c:/program files (x86)/cypress/psoc creator/3.0/psoc creator/import/gnu_cs/arm/4.7.3/bin/../lib/gcc/arm-none-eabi/4.7.3/../../../../arm-none-eabi/lib/armv6-m\libc_s.a(lib_a-__atexit2.o)
                              c:/program files (x86)/cypress/psoc creator/3.0/psoc creator/import/gnu_cs/arm/4.7.3/bin/../lib/gcc/arm-none-eabi/4.7.3/../../../../arm-none-eabi/lib/armv6-m/crt0.o (__register_exitproc)
c:/program files (x86)/cypress/psoc creator/3.0/psoc creator/import/gnu_cs/arm/4.7.3/bin/../lib/gcc/arm-none-eabi/4.7.3/../../../../arm-none-eabi/lib/armv6-m\libc_s.a(lib_a-exit.o)
                              c:/program files (x86)/cypress/psoc creator/3.0/psoc creator/import/gnu_cs/arm/4.7.3/bin/../lib/gcc/arm-none-eabi/4.7.3/../../../../arm-none-eabi/lib/armv6-m/crt0.o (exit)
c:/program files (x86)/cypress/psoc creator/3.0/psoc creator/import/gnu_cs/arm/4.7.3/bin/../lib/gcc/arm-none-eabi/4.7.3/../../../../arm-none-eabi/lib/armv6-m\libc_s.a(lib_a-fini.o)
                              c:/program files (x86)/cypress/psoc creator/3.0/psoc creator/import/gnu_cs/arm/4.7.3/bin/../lib/gcc/arm-none-eabi/4.7.3/../../../../arm-none-eabi/lib/armv6-m/crt0.o (__libc_fini_array)
c:/program files (x86)/cypress/psoc creator/3.0/psoc creator/import/gnu_cs/arm/4.7.3/bin/../lib/gcc/arm-none-eabi/4.7.3/../../../../arm-none-eabi/lib/armv6-m\libc_s.a(lib_a-impure.o)
                              c:/program files (x86)/cypress/psoc creator/3.0/psoc creator/import/gnu_cs/arm/4.7.3/bin/../lib/gcc/arm-none-eabi/4.7.3/../../../../arm-none-eabi/lib/armv6-m\libc_s.a(lib_a-exit.o) (_global_impure_ptr)
c:/program files (x86)/cypress/psoc creator/3.0/psoc creator/import/gnu_cs/arm/4.7.3/bin/../lib/gcc/arm-none-eabi/4.7.3/../../../../arm-none-eabi/lib/armv6-m\libc_s.a(lib_a-init.o)
                              c:/program files (x86)/cypress/psoc creator/3.0/psoc creator/import/gnu_cs/arm/4.7.3/bin/../lib/gcc/arm-none-eabi/4.7.3/../../../../arm-none-eabi/lib/armv6-m/crt0.o (__libc_init_array)
c:/program files (x86)/cypress/psoc creator/3.0/psoc creator/import/gnu_cs/arm/4.7.3/bin/../lib/gcc/arm-none-eabi/4.7.3/../../../../arm-none-eabi/lib/armv6-m\libc_s.a(lib_a-memcpy.o)
[...]
Memory Configuration

Name             Origin             Length             Attributes
rom              0x00000000         0x00008000         xr
ram              0x20000000         0x00001000         xrw
*default*        0x00000000         0xffffffff

Linker script and memory map

LOAD c:/program files (x86)/cypress/psoc creator/3.0/psoc creator/import/gnu_cs/arm/4.7.3/bin/../lib/gcc/arm-none-eabi/4.7.3/armv6-m/crti.o
LOAD c:/program files (x86)/cypress/psoc creator/3.0/psoc creator/import/gnu_cs/arm/4.7.3/bin/../lib/gcc/arm-none-eabi/4.7.3/armv6-m/crtbegin.o
LOAD c:/program files (x86)/cypress/psoc creator/3.0/psoc creator/import/gnu_cs/arm/4.7.3/bin/../lib/gcc/arm-none-eabi/4.7.3/../../../../arm-none-eabi/lib/armv6-m/crt0.o
START GROUP
LOAD .\CortexM0\ARM_GCC_473\Debug\main.o
LOAD .\CortexM0\ARM_GCC_473\Debug\cymetadata.o
LOAD .\CortexM0\ARM_GCC_473\Debug\Cm0Start.o
LOAD .\CortexM0\ARM_GCC_473\Debug\SignatureVerifier.a
LOAD C:\Program Files (x86)\Cypress\PSoC Creator\3.0\PSoC Creator\psoc\content\cycomponentlibrary\CyComponentLibrary.cylib\CortexM0\ARM_GCC_473\Debug\CyComponentLibrary.a
END GROUP
START GROUP
LOAD c:/program files (x86)/cypress/psoc creator/3.0/psoc creator/import/gnu_cs/arm/4.7.3/bin/../lib/gcc/arm-none-eabi/4.7.3/armv6-m\libgcc.a
LOAD c:/program files (x86)/cypress/psoc creator/3.0/psoc creator/import/gnu_cs/arm/4.7.3/bin/../lib/gcc/arm-none-eabi/4.7.3/../../../../arm-none-eabi/lib/armv6-m\libc_s.a
END GROUP
LOAD c:/program files (x86)/cypress/psoc creator/3.0/psoc creator/import/gnu_cs/arm/4.7.3/bin/../lib/gcc/arm-none-eabi/4.7.3/armv6-m/crtend.o
LOAD c:/program files (x86)/cypress/psoc creator/3.0/psoc creator/import/gnu_cs/arm/4.7.3/bin/../lib/gcc/arm-none-eabi/4.7.3/armv6-m/crtn.o
START GROUP
LOAD c:/program files (x86)/cypress/psoc creator/3.0/psoc creator/import/gnu_cs/arm/4.7.3/bin/../lib/gcc/arm-none-eabi/4.7.3/armv6-m\libgcc.a
LOAD c:/program files (x86)/cypress/psoc creator/3.0/psoc creator/import/gnu_cs/arm/4.7.3/bin/../lib/gcc/arm-none-eabi/4.7.3/../../../../arm-none-eabi/lib/armv6-m\libc.a
LOAD c:/program files (x86)/cypress/psoc creator/3.0/psoc creator/import/gnu_cs/arm/4.7.3/bin/../lib/gcc/arm-none-eabi/4.7.3/../../../../arm-none-eabi/lib/armv6-m\libnosys.a
END GROUP
                0x00000000                CY_APPL_ORIGIN = 0x0
                0x00000080                CY_FLASH_ROW_SIZE = 0x80
                0x00000001                CY_APPL_NUM = 0x1
                0x00000040                CY_METADATA_SIZE = 0x40
                0x20000998                PROVIDE (__cy_heap_start, _end)
                0x00000001                PROVIDE (__cy_region_num, ((__cy_regions_end - __cy_regions) / 0x10))
                0x20001000                PROVIDE (__cy_stack, (ORIGIN (ram) + 0x1000))
                0x20000c00                PROVIDE (__cy_heap_end, (__cy_stack - 0x400))

.cybootloader   0x00000000        0x0
 *(.cybootloader)
                0x00000000                appl1_start = CY_APPL_ORIGIN?CY_APPL_ORIGIN:ALIGN (CY_FLASH_ROW_SIZE)
                0x00003f80                appl2_start = (appl1_start + ALIGN ((((0x8000 - appl1_start) - (0x2 * CY_FLASH_ROW_SIZE)) / 0x2), CY_FLASH_ROW_SIZE))
                0x00000000                appl_start = (CY_APPL_NUM == 0x1)?appl1_start:appl2_start

.text           0x00000000     0x19a0
 CREATE_OBJECT_SYMBOLS
                0x00000000                PROVIDE (__cy_interrupt_vector, RomVectors)
 *(.romvectors)
 .romvectors    0x00000000       0x10 .\CortexM0\ARM_GCC_473\Debug\Cm0Start.o
                0x00000000                RomVectors
                0x00000001                ASSERT ((. != __cy_interrupt_vector), No interrupt vector)
                0x00000001                ASSERT (CY_APPL_ORIGIN?(SIZEOF (.cybootloader) <= CY_APPL_ORIGIN):0x1, Wrong image location)
                0x00000010                PROVIDE (__cy_reset, Reset)
 *(.text.Reset)
 .text.Reset    0x00000010        0x8 .\CortexM0\ARM_GCC_473\Debug\Cm0Start.o
                0x00000010                Reset
                0x00000001                ASSERT ((. != __cy_reset), No reset code)
 *(.psocinit)
 .psocinit      0x00000018      0x2f0 .\CortexM0\ARM_GCC_473\Debug\SignatureVerifier.a(cyfitter_cfg.o)
                0x00000174                cyfitter_cfg
                0x00000308                . = MAX (., 0x100)
 *(.text .text.* .gnu.linkonce.t.*)
 .text          0x00000308       0x60 c:/program files (x86)/cypress/psoc creator/3.0/psoc creator/import/gnu_cs/arm/4.7.3/bin/../lib/gcc/arm-none-eabi/4.7.3/armv6-m/crtbegin.o
 .text.reset_all
                0x00000368       0x68 .\CortexM0\ARM_GCC_473\Debug\main.o
                0x00000368                reset_all
 .text.start_reading
                0x000003d0       0x20 .\CortexM0\ARM_GCC_473\Debug\main.o
                0x000003d0                start_reading
 .text.stop_reading
                0x000003f0       0xec .\CortexM0\ARM_GCC_473\Debug\main.o
                0x000003f0                stop_reading
 .text.isr_spi_handler
                0x000004dc      0x190 .\CortexM0\ARM_GCC_473\Debug\main.o
                0x000004dc                isr_spi_handler
 .text.isr_button_handler
                0x0000066c       0xc0 .\CortexM0\ARM_GCC_473\Debug\main.o
                0x0000066c                isr_button_handler
 .text.main     0x0000072c       0x4c .\CortexM0\ARM_GCC_473\Debug\main.o
                0x0000072c                main
 .text.IntDefaultHandler
                0x00000778        0x8 .\CortexM0\ARM_GCC_473\Debug\Cm0Start.o
                0x00000778                IntDefaultHandler
 .text.Start_c  0x00000780       0xa4 .\CortexM0\ARM_GCC_473\Debug\Cm0Start.o
                0x00000780                Start_c
 .text.initialize_psoc
                0x00000824       0x64 .\CortexM0\ARM_GCC_473\Debug\Cm0Start.o
                0x00000824                initialize_psoc
 .text.CYMEMZERO
                0x00000888       0x20 .\CortexM0\ARM_GCC_473\Debug\SignatureVerifier.a(cyfitter_cfg.o)
 .text.cfg_write_bytes32
                0x000008a8       0x80 .\CortexM0\ARM_GCC_473\Debug\SignatureVerifier.a(cyfitter_cfg.o)
 .text.AnalogSetDefault
                0x00000928        0x8 .\CortexM0\ARM_GCC_473\Debug\SignatureVerifier.a(cyfitter_cfg.o)
 .text.SPI_Init
                0x00000930       0x50 .\CortexM0\ARM_GCC_473\Debug\SignatureVerifier.a(SPI.o)
                0x00000930                SPI_Init
 .text.SPI_Enable
                0x00000980       0x64 .\CortexM0\ARM_GCC_473\Debug\SignatureVerifier.a(SPI.o)
                0x00000980                SPI_Enable
 .text.SPI_Start
                0x000009e4       0x24 .\CortexM0\ARM_GCC_473\Debug\SignatureVerifier.a(SPI.o)
                0x000009e4                SPI_Start
 .text.SPI_EnableRxInt
                0x00000a08       0x10 .\CortexM0\ARM_GCC_473\Debug\SignatureVerifier.a(SPI.o)
                0x00000a08                SPI_EnableRxInt
 .text.SPI_ReadTxStatus
                0x00000a18       0x20 .\CortexM0\ARM_GCC_473\Debug\SignatureVerifier.a(SPI.o)
                0x00000a18                SPI_ReadTxStatus
 .text.SPI_ReadRxStatus
                0x00000a38       0x20 .\CortexM0\ARM_GCC_473\Debug\SignatureVerifier.a(SPI.o)
                0x00000a38                SPI_ReadRxStatus
 .text.SPI_ReadRxData
                0x00000a58       0x20 .\CortexM0\ARM_GCC_473\Debug\SignatureVerifier.a(SPI.o)
                0x00000a58                SPI_ReadRxData
 .text.SPI_ClearFIFO
                0x00000a78       0x84 .\CortexM0\ARM_GCC_473\Debug\SignatureVerifier.a(SPI.o)
                0x00000a78                SPI_ClearFIFO
 .text.SPI_RX_ISR
                0x00000afc        0x8 .\CortexM0\ARM_GCC_473\Debug\SignatureVerifier.a(SPI_INT.o)
                0x00000afc                SPI_RX_ISR
 *fill*         0x00000b04        0x4 00
 .text          0x00000b08       0x20 .\CortexM0\ARM_GCC_473\Debug\SignatureVerifier.a(CyBootAsmGnu.o)
                0x00000b08                CyDelayCycles
                0x00000b1a                CyEnterCriticalSection
                0x00000b22                CyExitCriticalSection
 .text.CyIntSetVector
                0x00000b28       0x4c .\CortexM0\ARM_GCC_473\Debug\SignatureVerifier.a(CyLib.o)
                0x00000b28                CyIntSetVector
 .text.CyIntSetPriority
                0x00000b74       0xa8 .\CortexM0\ARM_GCC_473\Debug\SignatureVerifier.a(CyLib.o)
                0x00000b74                CyIntSetPriority
 .text.CyIntEnable
                0x00000c1c       0x2c .\CortexM0\ARM_GCC_473\Debug\SignatureVerifier.a(CyLib.o)
                0x00000c1c                CyIntEnable
 .text.CyIntDisable
                0x00000c48       0x2c .\CortexM0\ARM_GCC_473\Debug\SignatureVerifier.a(CyLib.o)
                0x00000c48                CyIntDisable
 .text.CyHalt   0x00000c74       0x14 .\CortexM0\ARM_GCC_473\Debug\SignatureVerifier.a(CyLib.o)
                0x00000c74                CyHalt
 .text.CyDelay  0x00000c88       0x48 .\CortexM0\ARM_GCC_473\Debug\SignatureVerifier.a(CyLib.o)
                0x00000c88                CyDelay
 .text.CyDelayUs
                0x00000cd0       0x28 .\CortexM0\ARM_GCC_473\Debug\SignatureVerifier.a(CyLib.o)
                0x00000cd0                CyDelayUs
 .text.UART_Init
                0x00000cf8        0xc .\CortexM0\ARM_GCC_473\Debug\SignatureVerifier.a(UART.o)
                0x00000cf8                UART_Init
 .text.UART_Enable
                0x00000d04       0x20 .\CortexM0\ARM_GCC_473\Debug\SignatureVerifier.a(UART.o)
                0x00000d04                UART_Enable
 .text.UART_Start
                0x00000d24       0x24 .\CortexM0\ARM_GCC_473\Debug\SignatureVerifier.a(UART.o)
                0x00000d24                UART_Start
 .text.UART_ScbEnableIntr
                0x00000d48        0x8 .\CortexM0\ARM_GCC_473\Debug\SignatureVerifier.a(UART.o)
 .text.UART_UartInit
                0x00000d50       0xa8 .\CortexM0\ARM_GCC_473\Debug\SignatureVerifier.a(UART_UART.o)
                0x00000d50                UART_UartInit
 .text.UART_UartPutString
                0x00000df8       0x34 .\CortexM0\ARM_GCC_473\Debug\SignatureVerifier.a(UART_UART.o)
                0x00000df8                UART_UartPutString
 .text.Pin_LED_Debug_Write
                0x00000e2c       0x4c .\CortexM0\ARM_GCC_473\Debug\SignatureVerifier.a(Pin_LED_Debug.o)
                0x00000e2c                Pin_LED_Debug_Write
 .text.isr_spi_StartEx
                0x00000e78       0x24 .\CortexM0\ARM_GCC_473\Debug\SignatureVerifier.a(isr_spi.o)
                0x00000e78                isr_spi_StartEx
 .text.isr_spi_SetVector
                0x00000e9c       0x18 .\CortexM0\ARM_GCC_473\Debug\SignatureVerifier.a(isr_spi.o)
                0x00000e9c                isr_spi_SetVector
 .text.isr_spi_SetPriority
                0x00000eb4       0x50 .\CortexM0\ARM_GCC_473\Debug\SignatureVerifier.a(isr_spi.o)
                0x00000eb4                isr_spi_SetPriority
 .text.isr_spi_Enable
                0x00000f04       0x14 .\CortexM0\ARM_GCC_473\Debug\SignatureVerifier.a(isr_spi.o)
                0x00000f04                isr_spi_Enable
 .text.isr_spi_Disable
                0x00000f18       0x14 .\CortexM0\ARM_GCC_473\Debug\SignatureVerifier.a(isr_spi.o)
                0x00000f18                isr_spi_Disable
 .text.isr_button_StartEx
                0x00000f2c       0x24 .\CortexM0\ARM_GCC_473\Debug\SignatureVerifier.a(isr_button.o)
                0x00000f2c                isr_button_StartEx
 .text.isr_button_SetVector
                0x00000f50       0x18 .\CortexM0\ARM_GCC_473\Debug\SignatureVerifier.a(isr_button.o)
                0x00000f50                isr_button_SetVector
 .text.isr_button_SetPriority
                0x00000f68       0x50 .\CortexM0\ARM_GCC_473\Debug\SignatureVerifier.a(isr_button.o)
                0x00000f68                isr_button_SetPriority
 .text.isr_button_Enable
                0x00000fb8       0x14 .\CortexM0\ARM_GCC_473\Debug\SignatureVerifier.a(isr_button.o)
                0x00000fb8                isr_button_Enable
 .text.isr_button_Disable
                0x00000fcc       0x14 .\CortexM0\ARM_GCC_473\Debug\SignatureVerifier.a(isr_button.o)
                0x00000fcc                isr_button_Disable
 .text.isr_button_ClearPending
                0x00000fe0       0x14 .\CortexM0\ARM_GCC_473\Debug\SignatureVerifier.a(isr_button.o)
                0x00000fe0                isr_button_ClearPending
 .text.Pin_Button_Read
                0x00000ff4       0x1c .\CortexM0\ARM_GCC_473\Debug\SignatureVerifier.a(Pin_Button.o)
                0x00000ff4                Pin_Button_Read
 .text.Pin_Button_ClearInterrupt
                0x00001010       0x2c .\CortexM0\ARM_GCC_473\Debug\SignatureVerifier.a(Pin_Button.o)
                0x00001010                Pin_Button_ClearInterrupt
 .text.UART_SpiUartWriteTxData
                0x0000103c       0x2c .\CortexM0\ARM_GCC_473\Debug\SignatureVerifier.a(UART_SPI_UART.o)
                0x0000103c                UART_SpiUartWriteTxData
 .text          0x00001068       0x9c c:/program files (x86)/cypress/psoc creator/3.0/psoc creator/import/gnu_cs/arm/4.7.3/bin/../lib/gcc/arm-none-eabi/4.7.3/armv6-m\libgcc.a(_udivsi3.o)
                0x00001068                __aeabi_uidiv
                0x00001068                __udivsi3
                0x000010f0                __aeabi_uidivmod
 .text          0x00001104        0x4 c:/program files (x86)/cypress/psoc creator/3.0/psoc creator/import/gnu_cs/arm/4.7.3/bin/../lib/gcc/arm-none-eabi/4.7.3/armv6-m\libgcc.a(_dvmd_tls.o)
                0x00001104                __aeabi_idiv0
                0x00001104                __aeabi_ldiv0
 .text.__libc_init_array
                0x00001108       0x4c c:/program files (x86)/cypress/psoc creator/3.0/psoc creator/import/gnu_cs/arm/4.7.3/bin/../lib/gcc/arm-none-eabi/4.7.3/../../../../arm-none-eabi/lib/armv6-m\libc_s.a(lib_a-init.o)
                0x00001108                __libc_init_array
 .text.memcpy   0x00001154       0x12 c:/program files (x86)/cypress/psoc creator/3.0/psoc creator/import/gnu_cs/arm/4.7.3/bin/../lib/gcc/arm-none-eabi/4.7.3/../../../../arm-none-eabi/lib/armv6-m\libc_s.a(lib_a-memcpy.o)
                0x00001154                memcpy
 .text.memset   0x00001166       0x12 c:/program files (x86)/cypress/psoc creator/3.0/psoc creator/import/gnu_cs/arm/4.7.3/bin/../lib/gcc/arm-none-eabi/4.7.3/../../../../arm-none-eabi/lib/armv6-m\libc_s.a(lib_a-memset.o)
                0x00001166                memset
 .text.snprintf
                0x00001178       0x64 c:/program files (x86)/cypress/psoc creator/3.0/psoc creator/import/gnu_cs/arm/4.7.3/bin/../lib/gcc/arm-none-eabi/4.7.3/../../../../arm-none-eabi/lib/armv6-m\libc_s.a(lib_a-snprintf.o)
                0x00001178                sniprintf
                0x00001178                snprintf
 .text.__ssputc_r
                0x000011dc       0xb0 c:/program files (x86)/cypress/psoc creator/3.0/psoc creator/import/gnu_cs/arm/4.7.3/bin/../lib/gcc/arm-none-eabi/4.7.3/../../../../arm-none-eabi/lib/armv6-m\libc_s.a(lib_a-svfprintf.o)
                0x000011dc                __ssputc_r
 .text._svfprintf_r
                0x0000128c      0x1f8 c:/program files (x86)/cypress/psoc creator/3.0/psoc creator/import/gnu_cs/arm/4.7.3/bin/../lib/gcc/arm-none-eabi/4.7.3/../../../../arm-none-eabi/lib/armv6-m\libc_s.a(lib_a-svfprintf.o)
                0x0000128c                _svfiprintf_r
                0x0000128c                _svfprintf_r
 .text._printf_common
                0x00001484       0xe0 c:/program files (x86)/cypress/psoc creator/3.0/psoc creator/import/gnu_cs/arm/4.7.3/bin/../lib/gcc/arm-none-eabi/4.7.3/../../../../arm-none-eabi/lib/armv6-m\libc_s.a(lib_a-vfprintf_i.o)
                0x00001484                _printf_common
 .text._printf_i
                0x00001564      0x234 c:/program files (x86)/cypress/psoc creator/3.0/psoc creator/import/gnu_cs/arm/4.7.3/bin/../lib/gcc/arm-none-eabi/4.7.3/../../../../arm-none-eabi/lib/armv6-m\libc_s.a(lib_a-vfprintf_i.o)
                0x00001564                _printf_i
 .text._free_r  0x00001798       0x90 c:/program files (x86)/cypress/psoc creator/3.0/psoc creator/import/gnu_cs/arm/4.7.3/bin/../lib/gcc/arm-none-eabi/4.7.3/../../../../arm-none-eabi/lib/armv6-m\libc_s.a(lib_a-freer.o)
                0x00001798                _free_r
 .text._malloc_r
                0x00001828       0x94 c:/program files (x86)/cypress/psoc creator/3.0/psoc creator/import/gnu_cs/arm/4.7.3/bin/../lib/gcc/arm-none-eabi/4.7.3/../../../../arm-none-eabi/lib/armv6-m\libc_s.a(lib_a-mallocr.o)
                0x00001828                _malloc_r
 .text.memchr   0x000018bc       0x18 c:/program files (x86)/cypress/psoc creator/3.0/psoc creator/import/gnu_cs/arm/4.7.3/bin/../lib/gcc/arm-none-eabi/4.7.3/../../../../arm-none-eabi/lib/armv6-m\libc_s.a(lib_a-memchr.o)
                0x000018bc                memchr
 .text._realloc_r
                0x000018d4       0x4c c:/program files (x86)/cypress/psoc creator/3.0/psoc creator/import/gnu_cs/arm/4.7.3/bin/../lib/gcc/arm-none-eabi/4.7.3/../../../../arm-none-eabi/lib/armv6-m\libc_s.a(lib_a-reallocr.o)
                0x000018d4                _realloc_r
 .text._sbrk_r  0x00001920       0x24 c:/program files (x86)/cypress/psoc creator/3.0/psoc creator/import/gnu_cs/arm/4.7.3/bin/../lib/gcc/arm-none-eabi/4.7.3/../../../../arm-none-eabi/lib/armv6-m\libc_s.a(lib_a-sbrkr.o)
                0x00001920                _sbrk_r
 .text.strlen   0x00001944        0xe c:/program files (x86)/cypress/psoc creator/3.0/psoc creator/import/gnu_cs/arm/4.7.3/bin/../lib/gcc/arm-none-eabi/4.7.3/../../../../arm-none-eabi/lib/armv6-m\libc_s.a(lib_a-strlen.o)
                0x00001944                strlen
 .text._malloc_usable_size_r
                0x00001952       0x14 c:/program files (x86)/cypress/psoc creator/3.0/psoc creator/import/gnu_cs/arm/4.7.3/bin/../lib/gcc/arm-none-eabi/4.7.3/../../../../arm-none-eabi/lib/armv6-m\libc_s.a(lib_a-msizer.o)
                0x00001952                _malloc_usable_size_r
 *fill*         0x00001966        0x2 00
 .text._sbrk    0x00001968       0x38 c:/program files (x86)/cypress/psoc creator/3.0/psoc creator/import/gnu_cs/arm/4.7.3/bin/../lib/gcc/arm-none-eabi/4.7.3/../../../../arm-none-eabi/lib/armv6-m\libnosys.a(sbrk.o)
                0x00001968                _sbrk
 *(.plt)
 *(.gnu.warning)
 *(.glue_7t)
 .glue_7t       0x00000000        0x0 linker stubs
 *(.glue_7)
 .glue_7        0x00000000        0x0 linker stubs
 *(.vfp11_veneer)
 .vfp11_veneer  0x00000000        0x0 linker stubs
 *(.bootloader)
 *(.ARM.extab* .gnu.linkonce.armextab.*)
 *(.gcc_except_table)

.v4_bx          0x000019a0        0x0
 .v4_bx         0x00000000        0x0 linker stubs

.iplt           0x000019a0        0x0
 .iplt          0x00000000        0x0 c:/program files (x86)/cypress/psoc creator/3.0/psoc creator/import/gnu_cs/arm/4.7.3/bin/../lib/gcc/arm-none-eabi/4.7.3/armv6-m/crtbegin.o

.eh_frame_hdr
 *(.eh_frame_hdr)

.eh_frame       0x000019a0        0x4
 *(.eh_frame)
 .eh_frame      0x000019a0        0x0 c:/program files (x86)/cypress/psoc creator/3.0/psoc creator/import/gnu_cs/arm/4.7.3/bin/../lib/gcc/arm-none-eabi/4.7.3/armv6-m/crtbegin.o
 .eh_frame      0x000019a0        0x4 c:/program files (x86)/cypress/psoc creator/3.0/psoc creator/import/gnu_cs/arm/4.7.3/bin/../lib/gcc/arm-none-eabi/4.7.3/armv6-m/crtend.o
                0x000019a4                PROVIDE (__exidx_start, .)

.ARM.exidx
 *(.ARM.exidx* .gnu.linkonce.armexidx.*)
                0x000019a4                __exidx_end = .

.rodata         0x000019a4      0x25c
 *(.rodata .rodata.* .gnu.linkonce.r.*)
 .rodata        0x000019a4       0x28 .\CortexM0\ARM_GCC_473\Debug\main.o
 .rodata        0x000019cc      0x1c4 .\CortexM0\ARM_GCC_473\Debug\SignatureVerifier.a(cyfitter_cfg.o)
 .rodata.str1.1
                0x00001b90        0x2 c:/program files (x86)/cypress/psoc creator/3.0/psoc creator/import/gnu_cs/arm/4.7.3/bin/../lib/gcc/arm-none-eabi/4.7.3/../../../../arm-none-eabi/lib/armv6-m\libc_s.a(lib_a-impure.o)
 .rodata.str1.1
                0x00001b92       0x11 c:/program files (x86)/cypress/psoc creator/3.0/psoc creator/import/gnu_cs/arm/4.7.3/bin/../lib/gcc/arm-none-eabi/4.7.3/../../../../arm-none-eabi/lib/armv6-m\libc_s.a(lib_a-svfprintf.o)
 .rodata.str1.1
                0x00001ba3       0x22 c:/program files (x86)/cypress/psoc creator/3.0/psoc creator/import/gnu_cs/arm/4.7.3/bin/../lib/gcc/arm-none-eabi/4.7.3/../../../../arm-none-eabi/lib/armv6-m\libc_s.a(lib_a-vfprintf_i.o)
                0x00001bc8                . = ALIGN (0x4)
 *fill*         0x00001bc5        0x3 00
 *(.init)
 .init          0x00001bc8        0x4 c:/program files (x86)/cypress/psoc creator/3.0/psoc creator/import/gnu_cs/arm/4.7.3/bin/../lib/gcc/arm-none-eabi/4.7.3/armv6-m/crti.o
                0x00001bc8                _init
 .init          0x00001bcc        0x8 c:/program files (x86)/cypress/psoc creator/3.0/psoc creator/import/gnu_cs/arm/4.7.3/bin/../lib/gcc/arm-none-eabi/4.7.3/armv6-m/crtn.o
                0x00001bd4                . = ALIGN (0x4)
                0x00001bd4                __preinit_array_start = .
 *(.preinit_array)
                0x00001bd4                __preinit_array_end = .
                0x00001bd4                . = ALIGN (0x4)
                0x00001bd4                __init_array_start = .
 *(SORT(.init_array.*))
 *(.init_array)
 .init_array    0x00001bd4        0x4 c:/program files (x86)/cypress/psoc creator/3.0/psoc creator/import/gnu_cs/arm/4.7.3/bin/../lib/gcc/arm-none-eabi/4.7.3/armv6-m/crtbegin.o
 .init_array    0x00001bd8        0x4 .\CortexM0\ARM_GCC_473\Debug\Cm0Start.o
                0x00001bdc                __init_array_end = .
                0x00001bdc                . = ALIGN (0x4)
 *(.fini)
 .fini          0x00001bdc        0x4 c:/program files (x86)/cypress/psoc creator/3.0/psoc creator/import/gnu_cs/arm/4.7.3/bin/../lib/gcc/arm-none-eabi/4.7.3/armv6-m/crti.o
                0x00001bdc                _fini
 .fini          0x00001be0        0x8 c:/program files (x86)/cypress/psoc creator/3.0/psoc creator/import/gnu_cs/arm/4.7.3/bin/../lib/gcc/arm-none-eabi/4.7.3/armv6-m/crtn.o
                0x00001be8                . = ALIGN (0x4)
                0x00001be8                __fini_array_start = .
 *(.fini_array)
 .fini_array    0x00001be8        0x4 c:/program files (x86)/cypress/psoc creator/3.0/psoc creator/import/gnu_cs/arm/4.7.3/bin/../lib/gcc/arm-none-eabi/4.7.3/armv6-m/crtbegin.o
 *(SORT(.fini_array.*))
                0x00001bec                __fini_array_end = .
                0x00001bec                . = ALIGN (0x4)
 *crtbegin.o(.ctors)
 *(EXCLUDE_FILE(*crtend.o) .ctors)
 *(SORT(.ctors.*))
 *crtend.o(.ctors)
                0x00001bec                . = ALIGN (0x4)
 *crtbegin.o(.dtors)
 *(EXCLUDE_FILE(*crtend.o) .dtors)
 *(SORT(.dtors.*))
 *crtend.o(.dtors)
                0x00001bec                . = ALIGN (0x4)
                0x00001bec                __cy_regions = .
                0x00001bec        0x4 LONG 0x1c00 __cy_region_init_ram
                0x00001bf0        0x4 LONG 0x200000c8 __cy_region_start_data
                0x00001bf4        0x4 LONG 0x88 __cy_region_init_size_ram
                0x00001bf8        0x4 LONG 0x848 __cy_region_zero_size_ram
                0x00001bfc                __cy_regions_end = .
                0x00001c00                . = ALIGN (0x8)
 *fill*         0x00001bfc        0x4 00
                0x00001c00                _etext = .

.ramvectors     0x20000000       0xc0
                0x20000000                __cy_region_start_ram = .
 *(.ramvectors)
 .ramvectors    0x20000000       0xc0 .\CortexM0\ARM_GCC_473\Debug\Cm0Start.o
                0x20000000                CyRamVectors

.noinit         0x200000c0        0x4
 *(.noinit)
 .noinit        0x200000c0        0x4 .\CortexM0\ARM_GCC_473\Debug\Cm0Start.o

.data           0x200000c8       0x88 load address 0x00001c00
                0x200000c8                __cy_region_start_data = .
 *(.jcr)
 .jcr           0x200000c8        0x0 c:/program files (x86)/cypress/psoc creator/3.0/psoc creator/import/gnu_cs/arm/4.7.3/bin/../lib/gcc/arm-none-eabi/4.7.3/armv6-m/crtbegin.o
 .jcr           0x200000c8        0x4 c:/program files (x86)/cypress/psoc creator/3.0/psoc creator/import/gnu_cs/arm/4.7.3/bin/../lib/gcc/arm-none-eabi/4.7.3/armv6-m/crtend.o
 *(.got.plt)
 *(.got)
 *(.shdata)
 *(.data .data.* .gnu.linkonce.d.*)
 .data          0x200000cc        0x2 .\CortexM0\ARM_GCC_473\Debug\main.o
                0x200000cc                pos_size
 *fill*         0x200000ce        0x2 00
 .data          0x200000d0        0x4 .\CortexM0\ARM_GCC_473\Debug\SignatureVerifier.a(cyfitter_cfg.o)
 .data          0x200000d4       0x10 .\CortexM0\ARM_GCC_473\Debug\SignatureVerifier.a(CyLib.o)
                0x200000d4                cydelayFreqHz
                0x200000d8                cydelayFreqKhz
                0x200000dc                cydelayFreqMhz
                0x200000e0                cydelay32kMs
 .data.impure_data
                0x200000e4       0x64 c:/program files (x86)/cypress/psoc creator/3.0/psoc creator/import/gnu_cs/arm/4.7.3/bin/../lib/gcc/arm-none-eabi/4.7.3/../../../../arm-none-eabi/lib/armv6-m\libc_s.a(lib_a-impure.o)
 .data._impure_ptr
                0x20000148        0x4 c:/program files (x86)/cypress/psoc creator/3.0/psoc creator/import/gnu_cs/arm/4.7.3/bin/../lib/gcc/arm-none-eabi/4.7.3/../../../../arm-none-eabi/lib/armv6-m\libc_s.a(lib_a-impure.o)
                0x20000148                _impure_ptr
                0x20000150                . = ALIGN (0x8)
 *fill*         0x2000014c        0x4 00
 *(.ram)
                0x20000150                _edata = .

.igot.plt       0x20000150        0x0 load address 0x00001c88
 .igot.plt      0x00000000        0x0 c:/program files (x86)/cypress/psoc creator/3.0/psoc creator/import/gnu_cs/arm/4.7.3/bin/../lib/gcc/arm-none-eabi/4.7.3/armv6-m/crtbegin.o

.bss            0x20000150      0x848 load address 0x00001c88
                0x20000150                PROVIDE (__bss_start__, .)
 *(.shbss)
 *(.bss .bss.* .gnu.linkonce.b.*)
 .bss           0x20000150       0x1c c:/program files (x86)/cypress/psoc creator/3.0/psoc creator/import/gnu_cs/arm/4.7.3/bin/../lib/gcc/arm-none-eabi/4.7.3/armv6-m/crtbegin.o
 .bss           0x2000016c       0x14 .\CortexM0\ARM_GCC_473\Debug\main.o
                0x2000016c                x_position
                0x2000016e                y_position
                0x20000170                pos_index_template
                0x20000172                pos_index_test
                0x20000174                action_state
                0x20000178                reading
                0x2000017c                debug_state
 .bss           0x20000180        0x1 .\CortexM0\ARM_GCC_473\Debug\SignatureVerifier.a(SPI.o)
                0x20000180                SPI_initVar
 *fill*         0x20000181        0x3 00
 .bss           0x20000184        0x8 .\CortexM0\ARM_GCC_473\Debug\SignatureVerifier.a(UART.o)
                0x20000184                UART_initVar
                0x20000188                UART_customIntrHandler
 .bss.__malloc_free_list
                0x2000018c        0x4 c:/program files (x86)/cypress/psoc creator/3.0/psoc creator/import/gnu_cs/arm/4.7.3/bin/../lib/gcc/arm-none-eabi/4.7.3/../../../../arm-none-eabi/lib/armv6-m\libc_s.a(lib_a-mallocr.o)
                0x2000018c                __malloc_free_list
 .bss.heap_end.4231
                0x20000190        0x4 c:/program files (x86)/cypress/psoc creator/3.0/psoc creator/import/gnu_cs/arm/4.7.3/bin/../lib/gcc/arm-none-eabi/4.7.3/../../../../arm-none-eabi/lib/armv6-m\libnosys.a(sbrk.o)
 *(COMMON)
 COMMON         0x20000194      0x800 .\CortexM0\ARM_GCC_473\Debug\main.o
                0x20000194                y_positions_template
                0x20000394                x_positions_template
                0x20000594                y_positions_test
                0x20000794                x_positions_test
 COMMON         0x20000994        0x4 c:/program files (x86)/cypress/psoc creator/3.0/psoc creator/import/gnu_cs/arm/4.7.3/bin/../lib/gcc/arm-none-eabi/4.7.3/../../../../arm-none-eabi/lib/armv6-m\libc_s.a(lib_a-reent.o)
                0x20000994                errno
                0x20000998                . = ALIGN (0x8)
 *(.ram.b)
                0x20000998                _end = .
                0x20000998                __end = .
                0x20000998                PROVIDE (end, .)
                0x20000998                PROVIDE (__bss_end__, .)
                0x00001c00                __cy_region_init_ram = LOADADDR (.data)
                0x00000088                __cy_region_init_size_ram = (_edata - ADDR (.data))
                0x00000848                __cy_region_zero_size_ram = (_end - _edata)

.heap           0x20000998      0x100 load address 0x00001c88
                0x20000998                . = _end
                0x20000a98                . = (. + 0x100)
 *fill*         0x20000998      0x100 00
                0x20000a98                __cy_heap_limit = .

.stack          0x20000c00      0x400
                0x20000c00                __cy_stack_limit = .
                0x20001000                . = (. + 0x400)
 *fill*         0x20000c00      0x400 00
                0x00000001                ASSERT ((__cy_stack_limit >= __cy_heap_limit), region RAM overflowed with stack)

.cyloadermeta
 *(.cyloadermeta)

.cyloadablemeta
 *(.cyloadablemeta)

.cyflashprotect
                0x90400000       0x20
 *(.cyflashprotect)
 .cyflashprotect
                0x90400000       0x20 .\CortexM0\ARM_GCC_473\Debug\cymetadata.o
                0x90400000                cy_meta_flashprotect

.cymeta         0x90500000        0xc
 *(.cymeta)
 .cymeta        0x90500000        0xc .\CortexM0\ARM_GCC_473\Debug\cymetadata.o
                0x90500000                cy_metadata

.cychipprotect  0x90600000        0x4
 *(.cychipprotect)
 .cychipprotect
                0x90600000        0x4 .\CortexM0\ARM_GCC_473\Debug\cymetadata.o
                0x90600000                cy_meta_chipprotect

.rel.dyn        0x00001c88        0x0 load address 0x90600004
 .rel.iplt      0x00000000        0x0 c:/program files (x86)/cypress/psoc creator/3.0/psoc creator/import/gnu_cs/arm/4.7.3/bin/../lib/gcc/arm-none-eabi/4.7.3/armv6-m/crtbegin.o

.stab
 *(.stab)

.stabstr
 *(.stabstr)

.debug
 *(.debug)

.line
 *(.line)

.debug_srcinfo
 *(.debug_srcinfo)

.debug_sfnames
 *(.debug_sfnames)

.debug_aranges  0x00000000      0x638
 *(.debug_aranges)
 .debug_aranges
                0x00000000       0x48 .\CortexM0\ARM_GCC_473\Debug\main.o
 .debug_aranges
                0x00000048       0x18 .\CortexM0\ARM_GCC_473\Debug\cymetadata.o
 .debug_aranges
                0x00000060       0x40 .\CortexM0\ARM_GCC_473\Debug\Cm0Start.o
 .debug_aranges
                0x000000a0       0x58 .\CortexM0\ARM_GCC_473\Debug\SignatureVerifier.a(cyfitter_cfg.o)
 .debug_aranges
                0x000000f8       0xd8 .\CortexM0\ARM_GCC_473\Debug\SignatureVerifier.a(SPI.o)
 .debug_aranges
                0x000001d0       0x28 .\CortexM0\ARM_GCC_473\Debug\SignatureVerifier.a(SPI_INT.o)
 .debug_aranges
                0x000001f8       0x20 .\CortexM0\ARM_GCC_473\Debug\SignatureVerifier.a(CyBootAsmGnu.o)
 .debug_aranges
                0x00000218      0x1a0 .\CortexM0\ARM_GCC_473\Debug\SignatureVerifier.a(CyLib.o)
 .debug_aranges
                0x000003b8       0x50 .\CortexM0\ARM_GCC_473\Debug\SignatureVerifier.a(UART.o)
 .debug_aranges
                0x00000408       0x50 .\CortexM0\ARM_GCC_473\Debug\SignatureVerifier.a(UART_UART.o)
 .debug_aranges
                0x00000458       0x40 .\CortexM0\ARM_GCC_473\Debug\SignatureVerifier.a(Pin_LED_Debug.o)
 .debug_aranges
                0x00000498       0x80 .\CortexM0\ARM_GCC_473\Debug\SignatureVerifier.a(isr_spi.o)
 .debug_aranges
                0x00000518       0x80 .\CortexM0\ARM_GCC_473\Debug\SignatureVerifier.a(isr_button.o)
 .debug_aranges
                0x00000598       0x40 .\CortexM0\ARM_GCC_473\Debug\SignatureVerifier.a(Pin_Button.o)
 .debug_aranges
                0x000005d8       0x60 .\CortexM0\ARM_GCC_473\Debug\SignatureVerifier.a(UART_SPI_UART.o)

.debug_pubnames
 *(.debug_pubnames)

.debug_info     0x00000000     0x2982
 *(.debug_info .gnu.linkonce.wi.*)
 .debug_info    0x00000000      0x2b8 .\CortexM0\ARM_GCC_473\Debug\main.o
 .debug_info    0x000002b8      0x100 .\CortexM0\ARM_GCC_473\Debug\cymetadata.o
 .debug_info    0x000003b8      0x2c0 .\CortexM0\ARM_GCC_473\Debug\Cm0Start.o
 .debug_info    0x00000678      0x485 .\CortexM0\ARM_GCC_473\Debug\SignatureVerifier.a(cyfitter_cfg.o)
 .debug_info    0x00000afd      0x486 .\CortexM0\ARM_GCC_473\Debug\SignatureVerifier.a(SPI.o)
 .debug_info    0x00000f83       0xb8 .\CortexM0\ARM_GCC_473\Debug\SignatureVerifier.a(SPI_INT.o)
 .debug_info    0x0000103b       0xaa .\CortexM0\ARM_GCC_473\Debug\SignatureVerifier.a(CyBootAsmGnu.o)
 .debug_info    0x000010e5      0xac5 .\CortexM0\ARM_GCC_473\Debug\SignatureVerifier.a(CyLib.o)
 .debug_info    0x00001baa      0x197 .\CortexM0\ARM_GCC_473\Debug\SignatureVerifier.a(UART.o)
 .debug_info    0x00001d41      0x224 .\CortexM0\ARM_GCC_473\Debug\SignatureVerifier.a(UART_UART.o)
 .debug_info    0x00001f65      0x168 .\CortexM0\ARM_GCC_473\Debug\SignatureVerifier.a(Pin_LED_Debug.o)
 .debug_info    0x000020cd      0x288 .\CortexM0\ARM_GCC_473\Debug\SignatureVerifier.a(isr_spi.o)
 .debug_info    0x00002355      0x288 .\CortexM0\ARM_GCC_473\Debug\SignatureVerifier.a(isr_button.o)
 .debug_info    0x000025dd      0x168 .\CortexM0\ARM_GCC_473\Debug\SignatureVerifier.a(Pin_Button.o)
 .debug_info    0x00002745      0x23d .\CortexM0\ARM_GCC_473\Debug\SignatureVerifier.a(UART_SPI_UART.o)

.debug_abbrev   0x00000000      0xec8
 *(.debug_abbrev)
 .debug_abbrev  0x00000000       0xf9 .\CortexM0\ARM_GCC_473\Debug\main.o
 .debug_abbrev  0x000000f9       0x5d .\CortexM0\ARM_GCC_473\Debug\cymetadata.o
 .debug_abbrev  0x00000156      0x164 .\CortexM0\ARM_GCC_473\Debug\Cm0Start.o
 .debug_abbrev  0x000002ba      0x18c .\CortexM0\ARM_GCC_473\Debug\SignatureVerifier.a(cyfitter_cfg.o)
 .debug_abbrev  0x00000446      0x158 .\CortexM0\ARM_GCC_473\Debug\SignatureVerifier.a(SPI.o)
 .debug_abbrev  0x0000059e       0x44 .\CortexM0\ARM_GCC_473\Debug\SignatureVerifier.a(SPI_INT.o)
 .debug_abbrev  0x000005e2       0x14 .\CortexM0\ARM_GCC_473\Debug\SignatureVerifier.a(CyBootAsmGnu.o)
 .debug_abbrev  0x000005f6      0x1a2 .\CortexM0\ARM_GCC_473\Debug\SignatureVerifier.a(CyLib.o)
 .debug_abbrev  0x00000798       0xc5 .\CortexM0\ARM_GCC_473\Debug\SignatureVerifier.a(UART.o)
 .debug_abbrev  0x0000085d       0xee .\CortexM0\ARM_GCC_473\Debug\SignatureVerifier.a(UART_UART.o)
 .debug_abbrev  0x0000094b       0xac .\CortexM0\ARM_GCC_473\Debug\SignatureVerifier.a(Pin_LED_Debug.o)
 .debug_abbrev  0x000009f7      0x16a .\CortexM0\ARM_GCC_473\Debug\SignatureVerifier.a(isr_spi.o)
 .debug_abbrev  0x00000b61      0x16a .\CortexM0\ARM_GCC_473\Debug\SignatureVerifier.a(isr_button.o)
 .debug_abbrev  0x00000ccb       0xac .\CortexM0\ARM_GCC_473\Debug\SignatureVerifier.a(Pin_Button.o)
 .debug_abbrev  0x00000d77      0x151 .\CortexM0\ARM_GCC_473\Debug\SignatureVerifier.a(UART_SPI_UART.o)

.debug_line     0x00000000     0x1493
 *(.debug_line)
 .debug_line    0x00000000      0x151 .\CortexM0\ARM_GCC_473\Debug\main.o
 .debug_line    0x00000151       0x53 .\CortexM0\ARM_GCC_473\Debug\cymetadata.o
 .debug_line    0x000001a4      0x19b .\CortexM0\ARM_GCC_473\Debug\Cm0Start.o
 .debug_line    0x0000033f      0x1bd .\CortexM0\ARM_GCC_473\Debug\SignatureVerifier.a(cyfitter_cfg.o)
 .debug_line    0x000004fc      0x275 .\CortexM0\ARM_GCC_473\Debug\SignatureVerifier.a(SPI.o)
 .debug_line    0x00000771       0x68 .\CortexM0\ARM_GCC_473\Debug\SignatureVerifier.a(SPI_INT.o)
 .debug_line    0x000007d9       0x68 .\CortexM0\ARM_GCC_473\Debug\SignatureVerifier.a(CyBootAsmGnu.o)
 .debug_line    0x00000841      0x541 .\CortexM0\ARM_GCC_473\Debug\SignatureVerifier.a(CyLib.o)
 .debug_line    0x00000d82       0xd6 .\CortexM0\ARM_GCC_473\Debug\SignatureVerifier.a(UART.o)
 .debug_line    0x00000e58      0x101 .\CortexM0\ARM_GCC_473\Debug\SignatureVerifier.a(UART_UART.o)
 .debug_line    0x00000f59       0xb3 .\CortexM0\ARM_GCC_473\Debug\SignatureVerifier.a(Pin_LED_Debug.o)
 .debug_line    0x0000100c      0x156 .\CortexM0\ARM_GCC_473\Debug\SignatureVerifier.a(isr_spi.o)
 .debug_line    0x00001162      0x159 .\CortexM0\ARM_GCC_473\Debug\SignatureVerifier.a(isr_button.o)
 .debug_line    0x000012bb       0xb3 .\CortexM0\ARM_GCC_473\Debug\SignatureVerifier.a(Pin_Button.o)
 .debug_line    0x0000136e      0x125 .\CortexM0\ARM_GCC_473\Debug\SignatureVerifier.a(UART_SPI_UART.o)

.debug_frame    0x00000000     0x1778
 *(.debug_frame)
 .debug_frame   0x00000000       0xcc .\CortexM0\ARM_GCC_473\Debug\main.o
 .debug_frame   0x000000cc       0xa8 .\CortexM0\ARM_GCC_473\Debug\Cm0Start.o
 .debug_frame   0x00000174      0x108 .\CortexM0\ARM_GCC_473\Debug\SignatureVerifier.a(cyfitter_cfg.o)
 .debug_frame   0x0000027c      0x2fc .\CortexM0\ARM_GCC_473\Debug\SignatureVerifier.a(SPI.o)
 .debug_frame   0x00000578       0x48 .\CortexM0\ARM_GCC_473\Debug\SignatureVerifier.a(SPI_INT.o)
 .debug_frame   0x000005c0      0x628 .\CortexM0\ARM_GCC_473\Debug\SignatureVerifier.a(CyLib.o)
 .debug_frame   0x00000be8       0xd8 .\CortexM0\ARM_GCC_473\Debug\SignatureVerifier.a(UART.o)
 .debug_frame   0x00000cc0       0xec .\CortexM0\ARM_GCC_473\Debug\SignatureVerifier.a(UART_UART.o)
 .debug_frame   0x00000dac       0xa8 .\CortexM0\ARM_GCC_473\Debug\SignatureVerifier.a(Pin_LED_Debug.o)
 .debug_frame   0x00000e54      0x190 .\CortexM0\ARM_GCC_473\Debug\SignatureVerifier.a(isr_spi.o)
 .debug_frame   0x00000fe4      0x190 .\CortexM0\ARM_GCC_473\Debug\SignatureVerifier.a(isr_button.o)
 .debug_frame   0x00001174       0xa8 .\CortexM0\ARM_GCC_473\Debug\SignatureVerifier.a(Pin_Button.o)
 .debug_frame   0x0000121c      0x128 .\CortexM0\ARM_GCC_473\Debug\SignatureVerifier.a(UART_SPI_UART.o)
 .debug_frame   0x00001344       0x20 c:/program files (x86)/cypress/psoc creator/3.0/psoc creator/import/gnu_cs/arm/4.7.3/bin/../lib/gcc/arm-none-eabi/4.7.3/armv6-m\libgcc.a(_udivsi3.o)
 .debug_frame   0x00001364       0x20 c:/program files (x86)/cypress/psoc creator/3.0/psoc creator/import/gnu_cs/arm/4.7.3/bin/../lib/gcc/arm-none-eabi/4.7.3/armv6-m\libgcc.a(_divsi3.o)
 .debug_frame   0x00001384       0x28 c:/program files (x86)/cypress/psoc creator/3.0/psoc creator/import/gnu_cs/arm/4.7.3/bin/../lib/gcc/arm-none-eabi/4.7.3/../../../../arm-none-eabi/lib/armv6-m\libc_s.a(lib_a-__atexit2.o)
 .debug_frame   0x000013ac       0x28 c:/program files (x86)/cypress/psoc creator/3.0/psoc creator/import/gnu_cs/arm/4.7.3/bin/../lib/gcc/arm-none-eabi/4.7.3/../../../../arm-none-eabi/lib/armv6-m\libc_s.a(lib_a-exit.o)
 .debug_frame   0x000013d4       0x2c c:/program files (x86)/cypress/psoc creator/3.0/psoc creator/import/gnu_cs/arm/4.7.3/bin/../lib/gcc/arm-none-eabi/4.7.3/../../../../arm-none-eabi/lib/armv6-m\libc_s.a(lib_a-fini.o)
 .debug_frame   0x00001400       0x2c c:/program files (x86)/cypress/psoc creator/3.0/psoc creator/import/gnu_cs/arm/4.7.3/bin/../lib/gcc/arm-none-eabi/4.7.3/../../../../arm-none-eabi/lib/armv6-m\libc_s.a(lib_a-init.o)
 .debug_frame   0x0000142c       0x28 c:/program files (x86)/cypress/psoc creator/3.0/psoc creator/import/gnu_cs/arm/4.7.3/bin/../lib/gcc/arm-none-eabi/4.7.3/../../../../arm-none-eabi/lib/armv6-m\libc_s.a(lib_a-memcpy.o)
 .debug_frame   0x00001454       0x28 c:/program files (x86)/cypress/psoc creator/3.0/psoc creator/import/gnu_cs/arm/4.7.3/bin/../lib/gcc/arm-none-eabi/4.7.3/../../../../arm-none-eabi/lib/armv6-m\libc_s.a(lib_a-memset.o)
 .debug_frame   0x0000147c       0x54 c:/program files (x86)/cypress/psoc creator/3.0/psoc creator/import/gnu_cs/arm/4.7.3/bin/../lib/gcc/arm-none-eabi/4.7.3/../../../../arm-none-eabi/lib/armv6-m\libc_s.a(lib_a-snprintf.o)
 .debug_frame   0x000014d0       0x78 c:/program files (x86)/cypress/psoc creator/3.0/psoc creator/import/gnu_cs/arm/4.7.3/bin/../lib/gcc/arm-none-eabi/4.7.3/../../../../arm-none-eabi/lib/armv6-m\libc_s.a(lib_a-svfprintf.o)
 .debug_frame   0x00001548       0x54 c:/program files (x86)/cypress/psoc creator/3.0/psoc creator/import/gnu_cs/arm/4.7.3/bin/../lib/gcc/arm-none-eabi/4.7.3/../../../../arm-none-eabi/lib/armv6-m\libc_s.a(lib_a-vfprintf_i.o)
 .debug_frame   0x0000159c       0x2c c:/program files (x86)/cypress/psoc creator/3.0/psoc creator/import/gnu_cs/arm/4.7.3/bin/../lib/gcc/arm-none-eabi/4.7.3/../../../../arm-none-eabi/lib/armv6-m\libc_s.a(lib_a-freer.o)
 .debug_frame   0x000015c8       0x2c c:/program files (x86)/cypress/psoc creator/3.0/psoc creator/import/gnu_cs/arm/4.7.3/bin/../lib/gcc/arm-none-eabi/4.7.3/../../../../arm-none-eabi/lib/armv6-m\libc_s.a(lib_a-mallocr.o)
 .debug_frame   0x000015f4       0x28 c:/program files (x86)/cypress/psoc creator/3.0/psoc creator/import/gnu_cs/arm/4.7.3/bin/../lib/gcc/arm-none-eabi/4.7.3/../../../../arm-none-eabi/lib/armv6-m\libc_s.a(lib_a-memchr.o)
 .debug_frame   0x0000161c       0x2c c:/program files (x86)/cypress/psoc creator/3.0/psoc creator/import/gnu_cs/arm/4.7.3/bin/../lib/gcc/arm-none-eabi/4.7.3/../../../../arm-none-eabi/lib/armv6-m\libc_s.a(lib_a-memmove.o)
 .debug_frame   0x00001648       0x30 c:/program files (x86)/cypress/psoc creator/3.0/psoc creator/import/gnu_cs/arm/4.7.3/bin/../lib/gcc/arm-none-eabi/4.7.3/../../../../arm-none-eabi/lib/armv6-m\libc_s.a(lib_a-reallocr.o)
 .debug_frame   0x00001678       0x2c c:/program files (x86)/cypress/psoc creator/3.0/psoc creator/import/gnu_cs/arm/4.7.3/bin/../lib/gcc/arm-none-eabi/4.7.3/../../../../arm-none-eabi/lib/armv6-m\libc_s.a(lib_a-sbrkr.o)
 .debug_frame   0x000016a4       0x20 c:/program files (x86)/cypress/psoc creator/3.0/psoc creator/import/gnu_cs/arm/4.7.3/bin/../lib/gcc/arm-none-eabi/4.7.3/../../../../arm-none-eabi/lib/armv6-m\libc_s.a(lib_a-strlen.o)
 .debug_frame   0x000016c4       0x28 c:/program files (x86)/cypress/psoc creator/3.0/psoc creator/import/gnu_cs/arm/4.7.3/bin/../lib/gcc/arm-none-eabi/4.7.3/../../../../arm-none-eabi/lib/armv6-m\libc_s.a(lib_a-msizer.o)
 .debug_frame   0x000016ec       0x64 c:/program files (x86)/cypress/psoc creator/3.0/psoc creator/import/gnu_cs/arm/4.7.3/bin/../lib/gcc/arm-none-eabi/4.7.3/../../../../arm-none-eabi/lib/armv6-m\libc_s.a(lib_a-reent.o)
 .debug_frame   0x00001750       0x28 c:/program files (x86)/cypress/psoc creator/3.0/psoc creator/import/gnu_cs/arm/4.7.3/bin/../lib/gcc/arm-none-eabi/4.7.3/../../../../arm-none-eabi/lib/armv6-m\libnosys.a(sbrk.o)

.debug_str      0x00000000     0x12c4
 *(.debug_str)
 .debug_str     0x00000000      0x23b .\CortexM0\ARM_GCC_473\Debug\main.o
                                0x287 (size before relaxing)
 .debug_str     0x0000023b       0x5b .\CortexM0\ARM_GCC_473\Debug\cymetadata.o
                                0x1a3 (size before relaxing)
 .debug_str     0x00000296      0x117 .\CortexM0\ARM_GCC_473\Debug\Cm0Start.o
                                0x26c (size before relaxing)
 .debug_str     0x000003ad      0x19f .\CortexM0\ARM_GCC_473\Debug\SignatureVerifier.a(cyfitter_cfg.o)
                                0x331 (size before relaxing)
 .debug_str     0x0000054c      0x20c .\CortexM0\ARM_GCC_473\Debug\SignatureVerifier.a(SPI.o)
                                0x372 (size before relaxing)
 .debug_str     0x00000758       0x39 .\CortexM0\ARM_GCC_473\Debug\SignatureVerifier.a(SPI_INT.o)
                                0x17b (size before relaxing)
 .debug_str     0x00000791      0x4f7 .\CortexM0\ARM_GCC_473\Debug\SignatureVerifier.a(CyLib.o)
                                0x67f (size before relaxing)
 .debug_str     0x00000c88       0xb7 .\CortexM0\ARM_GCC_473\Debug\SignatureVerifier.a(UART.o)
                                0x219 (size before relaxing)
 .debug_str     0x00000d3f       0xe4 .\CortexM0\ARM_GCC_473\Debug\SignatureVerifier.a(UART_UART.o)
                                0x255 (size before relaxing)
 .debug_str     0x00000e23       0xb5 .\CortexM0\ARM_GCC_473\Debug\SignatureVerifier.a(Pin_LED_Debug.o)
                                0x20c (size before relaxing)
 .debug_str     0x00000ed8      0x113 .\CortexM0\ARM_GCC_473\Debug\SignatureVerifier.a(isr_spi.o)
                                0x2a2 (size before relaxing)
 .debug_str     0x00000feb      0x12e .\CortexM0\ARM_GCC_473\Debug\SignatureVerifier.a(isr_button.o)
                                0x2cc (size before relaxing)
 .debug_str     0x00001119       0x90 .\CortexM0\ARM_GCC_473\Debug\SignatureVerifier.a(Pin_Button.o)
                                0x1fa (size before relaxing)
 .debug_str     0x000011a9      0x11b .\CortexM0\ARM_GCC_473\Debug\SignatureVerifier.a(UART_SPI_UART.o)
                                0x297 (size before relaxing)

.debug_loc      0x00000000     0x1ea8
 *(.debug_loc)
 .debug_loc     0x00000000      0x12c .\CortexM0\ARM_GCC_473\Debug\main.o
 .debug_loc     0x0000012c      0x100 .\CortexM0\ARM_GCC_473\Debug\Cm0Start.o
 .debug_loc     0x0000022c      0x1a8 .\CortexM0\ARM_GCC_473\Debug\SignatureVerifier.a(cyfitter_cfg.o)
 .debug_loc     0x000003d4      0x4d4 .\CortexM0\ARM_GCC_473\Debug\SignatureVerifier.a(SPI.o)
 .debug_loc     0x000008a8       0x58 .\CortexM0\ARM_GCC_473\Debug\SignatureVerifier.a(SPI_INT.o)
 .debug_loc     0x00000900      0xa34 .\CortexM0\ARM_GCC_473\Debug\SignatureVerifier.a(CyLib.o)
 .debug_loc     0x00001334      0x140 .\CortexM0\ARM_GCC_473\Debug\SignatureVerifier.a(UART.o)
 .debug_loc     0x00001474      0x17c .\CortexM0\ARM_GCC_473\Debug\SignatureVerifier.a(UART_UART.o)
 .debug_loc     0x000015f0      0x100 .\CortexM0\ARM_GCC_473\Debug\SignatureVerifier.a(Pin_LED_Debug.o)
 .debug_loc     0x000016f0      0x26c .\CortexM0\ARM_GCC_473\Debug\SignatureVerifier.a(isr_spi.o)
 .debug_loc     0x0000195c      0x26c .\CortexM0\ARM_GCC_473\Debug\SignatureVerifier.a(isr_button.o)
 .debug_loc     0x00001bc8      0x100 .\CortexM0\ARM_GCC_473\Debug\SignatureVerifier.a(Pin_Button.o)
 .debug_loc     0x00001cc8      0x1e0 .\CortexM0\ARM_GCC_473\Debug\SignatureVerifier.a(UART_SPI_UART.o)

.debug_macinfo
 *(.debug_macinfo)

.debug_ranges   0x00000000      0x530
 *(.debug_ranges)
 .debug_ranges  0x00000000       0x38 .\CortexM0\ARM_GCC_473\Debug\main.o
 .debug_ranges  0x00000038       0x30 .\CortexM0\ARM_GCC_473\Debug\Cm0Start.o
 .debug_ranges  0x00000068       0x48 .\CortexM0\ARM_GCC_473\Debug\SignatureVerifier.a(cyfitter_cfg.o)
 .debug_ranges  0x000000b0       0xc8 .\CortexM0\ARM_GCC_473\Debug\SignatureVerifier.a(SPI.o)
 .debug_ranges  0x00000178       0x18 .\CortexM0\ARM_GCC_473\Debug\SignatureVerifier.a(SPI_INT.o)
 .debug_ranges  0x00000190      0x190 .\CortexM0\ARM_GCC_473\Debug\SignatureVerifier.a(CyLib.o)
 .debug_ranges  0x00000320       0x40 .\CortexM0\ARM_GCC_473\Debug\SignatureVerifier.a(UART.o)
 .debug_ranges  0x00000360       0x40 .\CortexM0\ARM_GCC_473\Debug\SignatureVerifier.a(UART_UART.o)
 .debug_ranges  0x000003a0       0x30 .\CortexM0\ARM_GCC_473\Debug\SignatureVerifier.a(Pin_LED_Debug.o)
 .debug_ranges  0x000003d0       0x70 .\CortexM0\ARM_GCC_473\Debug\SignatureVerifier.a(isr_spi.o)
 .debug_ranges  0x00000440       0x70 .\CortexM0\ARM_GCC_473\Debug\SignatureVerifier.a(isr_button.o)
 .debug_ranges  0x000004b0       0x30 .\CortexM0\ARM_GCC_473\Debug\SignatureVerifier.a(Pin_Button.o)
 .debug_ranges  0x000004e0       0x50 .\CortexM0\ARM_GCC_473\Debug\SignatureVerifier.a(UART_SPI_UART.o)

.comment        0x00000000       0x70
 .comment       0x00000000       0x70 .\CortexM0\ARM_GCC_473\Debug\main.o
                                 0x71 (size before relaxing)
 .comment       0x00000000       0x71 .\CortexM0\ARM_GCC_473\Debug\cymetadata.o
 .comment       0x00000000       0x71 .\CortexM0\ARM_GCC_473\Debug\Cm0Start.o
 .comment       0x00000000       0x71 .\CortexM0\ARM_GCC_473\Debug\SignatureVerifier.a(cyfitter_cfg.o)
 .comment       0x00000000       0x71 .\CortexM0\ARM_GCC_473\Debug\SignatureVerifier.a(SPI.o)
 .comment       0x00000000       0x71 .\CortexM0\ARM_GCC_473\Debug\SignatureVerifier.a(SPI_INT.o)
 .comment       0x00000000       0x71 .\CortexM0\ARM_GCC_473\Debug\SignatureVerifier.a(CyLib.o)
 .comment       0x00000000       0x71 .\CortexM0\ARM_GCC_473\Debug\SignatureVerifier.a(UART.o)
 .comment       0x00000000       0x71 .\CortexM0\ARM_GCC_473\Debug\SignatureVerifier.a(UART_UART.o)
 .comment       0x00000000       0x71 .\CortexM0\ARM_GCC_473\Debug\SignatureVerifier.a(Pin_LED_Debug.o)
 .comment       0x00000000       0x71 .\CortexM0\ARM_GCC_473\Debug\SignatureVerifier.a(isr_spi.o)
 .comment       0x00000000       0x71 .\CortexM0\ARM_GCC_473\Debug\SignatureVerifier.a(isr_button.o)
 .comment       0x00000000       0x71 .\CortexM0\ARM_GCC_473\Debug\SignatureVerifier.a(Pin_Button.o)
 .comment       0x00000000       0x71 .\CortexM0\ARM_GCC_473\Debug\SignatureVerifier.a(UART_SPI_UART.o)

.debug_weaknames
 *(.debug_weaknames)

.debug_funcnames
 *(.debug_funcnames)

.debug_typenames
 *(.debug_typenames)

.debug_varnames
 *(.debug_varnames)

.note.gnu.arm.ident
 *(.note.gnu.arm.ident)

.ARM.attributes
                0x00000000       0x28
 *(.ARM.attributes)
 .ARM.attributes
                0x00000000       0x1e c:/program files (x86)/cypress/psoc creator/3.0/psoc creator/import/gnu_cs/arm/4.7.3/bin/../lib/gcc/arm-none-eabi/4.7.3/armv6-m/crti.o
 .ARM.attributes
                0x0000001e       0x2c c:/program files (x86)/cypress/psoc creator/3.0/psoc creator/import/gnu_cs/arm/4.7.3/bin/../lib/gcc/arm-none-eabi/4.7.3/armv6-m/crtbegin.o
 .ARM.attributes
                0x0000004a       0x1c c:/program files (x86)/cypress/psoc creator/3.0/psoc creator/import/gnu_cs/arm/4.7.3/bin/../lib/gcc/arm-none-eabi/4.7.3/../../../../arm-none-eabi/lib/armv6-m/crt0.o
 .ARM.attributes
                0x00000066       0x31 .\CortexM0\ARM_GCC_473\Debug\main.o
 .ARM.attributes
                0x00000097       0x31 .\CortexM0\ARM_GCC_473\Debug\cymetadata.o
 .ARM.attributes
                0x000000c8       0x31 .\CortexM0\ARM_GCC_473\Debug\Cm0Start.o
 .ARM.attributes
                0x000000f9       0x31 .\CortexM0\ARM_GCC_473\Debug\SignatureVerifier.a(cyfitter_cfg.o)
 .ARM.attributes
                0x0000012a       0x31 .\CortexM0\ARM_GCC_473\Debug\SignatureVerifier.a(SPI.o)
 .ARM.attributes
                0x0000015b       0x31 .\CortexM0\ARM_GCC_473\Debug\SignatureVerifier.a(SPI_INT.o)
 .ARM.attributes
                0x0000018c       0x21 .\CortexM0\ARM_GCC_473\Debug\SignatureVerifier.a(CyBootAsmGnu.o)
 .ARM.attributes
                0x000001ad       0x31 .\CortexM0\ARM_GCC_473\Debug\SignatureVerifier.a(CyLib.o)
 .ARM.attributes
                0x000001de       0x31 .\CortexM0\ARM_GCC_473\Debug\SignatureVerifier.a(UART.o)
 .ARM.attributes
                0x0000020f       0x31 .\CortexM0\ARM_GCC_473\Debug\SignatureVerifier.a(UART_UART.o)
 .ARM.attributes
                0x00000240       0x31 .\CortexM0\ARM_GCC_473\Debug\SignatureVerifier.a(Pin_LED_Debug.o)
 .ARM.attributes
                0x00000271       0x31 .\CortexM0\ARM_GCC_473\Debug\SignatureVerifier.a(isr_spi.o)
 .ARM.attributes
                0x000002a2       0x31 .\CortexM0\ARM_GCC_473\Debug\SignatureVerifier.a(isr_button.o)
 .ARM.attributes
                0x000002d3       0x31 .\CortexM0\ARM_GCC_473\Debug\SignatureVerifier.a(Pin_Button.o)
 .ARM.attributes
                0x00000304       0x31 .\CortexM0\ARM_GCC_473\Debug\SignatureVerifier.a(UART_SPI_UART.o)
 .ARM.attributes
                0x00000335       0x1e c:/program files (x86)/cypress/psoc creator/3.0/psoc creator/import/gnu_cs/arm/4.7.3/bin/../lib/gcc/arm-none-eabi/4.7.3/armv6-m\libgcc.a(_udivsi3.o)
 .ARM.attributes
                0x00000353       0x1e c:/program files (x86)/cypress/psoc creator/3.0/psoc creator/import/gnu_cs/arm/4.7.3/bin/../lib/gcc/arm-none-eabi/4.7.3/armv6-m\libgcc.a(_divsi3.o)
 .ARM.attributes
                0x00000371       0x1e c:/program files (x86)/cypress/psoc creator/3.0/psoc creator/import/gnu_cs/arm/4.7.3/bin/../lib/gcc/arm-none-eabi/4.7.3/armv6-m\libgcc.a(_dvmd_tls.o)
 .ARM.attributes
                0x0000038f       0x2c c:/program files (x86)/cypress/psoc creator/3.0/psoc creator/import/gnu_cs/arm/4.7.3/bin/../lib/gcc/arm-none-eabi/4.7.3/../../../../arm-none-eabi/lib/armv6-m\libc_s.a(lib_a-__atexit2.o)
 .ARM.attributes
                0x000003bb       0x2c c:/program files (x86)/cypress/psoc creator/3.0/psoc creator/import/gnu_cs/arm/4.7.3/bin/../lib/gcc/arm-none-eabi/4.7.3/../../../../arm-none-eabi/lib/armv6-m\libc_s.a(lib_a-exit.o)
 .ARM.attributes
                0x000003e7       0x2c c:/program files (x86)/cypress/psoc creator/3.0/psoc creator/import/gnu_cs/arm/4.7.3/bin/../lib/gcc/arm-none-eabi/4.7.3/../../../../arm-none-eabi/lib/armv6-m\libc_s.a(lib_a-fini.o)
 .ARM.attributes
                0x00000413       0x2c c:/program files (x86)/cypress/psoc creator/3.0/psoc creator/import/gnu_cs/arm/4.7.3/bin/../lib/gcc/arm-none-eabi/4.7.3/../../../../arm-none-eabi/lib/armv6-m\libc_s.a(lib_a-impure.o)
 .ARM.attributes
                0x0000043f       0x2c c:/program files (x86)/cypress/psoc creator/3.0/psoc creator/import/gnu_cs/arm/4.7.3/bin/../lib/gcc/arm-none-eabi/4.7.3/../../../../arm-none-eabi/lib/armv6-m\libc_s.a(lib_a-init.o)
 .ARM.attributes
                0x0000046b       0x2c c:/program files (x86)/cypress/psoc creator/3.0/psoc creator/import/gnu_cs/arm/4.7.3/bin/../lib/gcc/arm-none-eabi/4.7.3/../../../../arm-none-eabi/lib/armv6-m\libc_s.a(lib_a-memcpy.o)
 .ARM.attributes
                0x00000497       0x2c c:/program files (x86)/cypress/psoc creator/3.0/psoc creator/import/gnu_cs/arm/4.7.3/bin/../lib/gcc/arm-none-eabi/4.7.3/../../../../arm-none-eabi/lib/armv6-m\libc_s.a(lib_a-memset.o)
 .ARM.attributes
                0x000004c3       0x2c c:/program files (x86)/cypress/psoc creator/3.0/psoc creator/import/gnu_cs/arm/4.7.3/bin/../lib/gcc/arm-none-eabi/4.7.3/../../../../arm-none-eabi/lib/armv6-m\libc_s.a(lib_a-snprintf.o)
 .ARM.attributes
                0x000004ef       0x2c c:/program files (x86)/cypress/psoc creator/3.0/psoc creator/import/gnu_cs/arm/4.7.3/bin/../lib/gcc/arm-none-eabi/4.7.3/../../../../arm-none-eabi/lib/armv6-m\libc_s.a(lib_a-svfprintf.o)
 .ARM.attributes
                0x0000051b       0x2c c:/program files (x86)/cypress/psoc creator/3.0/psoc creator/import/gnu_cs/arm/4.7.3/bin/../lib/gcc/arm-none-eabi/4.7.3/../../../../arm-none-eabi/lib/armv6-m\libc_s.a(lib_a-vfprintf_i.o)
 .ARM.attributes
                0x00000547       0x2c c:/program files (x86)/cypress/psoc creator/3.0/psoc creator/import/gnu_cs/arm/4.7.3/bin/../lib/gcc/arm-none-eabi/4.7.3/../../../../arm-none-eabi/lib/armv6-m\libc_s.a(lib_a-freer.o)
 .ARM.attributes
                0x00000573       0x2c c:/program files (x86)/cypress/psoc creator/3.0/psoc creator/import/gnu_cs/arm/4.7.3/bin/../lib/gcc/arm-none-eabi/4.7.3/../../../../arm-none-eabi/lib/armv6-m\libc_s.a(lib_a-mallocr.o)
 .ARM.attributes
                0x0000059f       0x2c c:/program files (x86)/cypress/psoc creator/3.0/psoc creator/import/gnu_cs/arm/4.7.3/bin/../lib/gcc/arm-none-eabi/4.7.3/../../../../arm-none-eabi/lib/armv6-m\libc_s.a(lib_a-memchr.o)
 .ARM.attributes
                0x000005cb       0x2c c:/program files (x86)/cypress/psoc creator/3.0/psoc creator/import/gnu_cs/arm/4.7.3/bin/../lib/gcc/arm-none-eabi/4.7.3/../../../../arm-none-eabi/lib/armv6-m\libc_s.a(lib_a-memmove.o)
 .ARM.attributes
                0x000005f7       0x2c c:/program files (x86)/cypress/psoc creator/3.0/psoc creator/import/gnu_cs/arm/4.7.3/bin/../lib/gcc/arm-none-eabi/4.7.3/../../../../arm-none-eabi/lib/armv6-m\libc_s.a(lib_a-reallocr.o)
 .ARM.attributes
                0x00000623       0x2c c:/program files (x86)/cypress/psoc creator/3.0/psoc creator/import/gnu_cs/arm/4.7.3/bin/../lib/gcc/arm-none-eabi/4.7.3/../../../../arm-none-eabi/lib/armv6-m\libc_s.a(lib_a-sbrkr.o)
 .ARM.attributes
                0x0000064f       0x2c c:/program files (x86)/cypress/psoc creator/3.0/psoc creator/import/gnu_cs/arm/4.7.3/bin/../lib/gcc/arm-none-eabi/4.7.3/../../../../arm-none-eabi/lib/armv6-m\libc_s.a(lib_a-strlen.o)
 .ARM.attributes
                0x0000067b       0x2c c:/program files (x86)/cypress/psoc creator/3.0/psoc creator/import/gnu_cs/arm/4.7.3/bin/../lib/gcc/arm-none-eabi/4.7.3/../../../../arm-none-eabi/lib/armv6-m\libc_s.a(lib_a-msizer.o)
 .ARM.attributes
                0x000006a7       0x2c c:/program files (x86)/cypress/psoc creator/3.0/psoc creator/import/gnu_cs/arm/4.7.3/bin/../lib/gcc/arm-none-eabi/4.7.3/../../../../arm-none-eabi/lib/armv6-m\libc_s.a(lib_a-reent.o)
 .ARM.attributes
                0x000006d3       0x2c c:/program files (x86)/cypress/psoc creator/3.0/psoc creator/import/gnu_cs/arm/4.7.3/bin/../lib/gcc/arm-none-eabi/4.7.3/armv6-m/crtend.o
 .ARM.attributes
                0x000006ff       0x1e c:/program files (x86)/cypress/psoc creator/3.0/psoc creator/import/gnu_cs/arm/4.7.3/bin/../lib/gcc/arm-none-eabi/4.7.3/armv6-m/crtn.o
 .ARM.attributes
                0x0000071d       0x2c c:/program files (x86)/cypress/psoc creator/3.0/psoc creator/import/gnu_cs/arm/4.7.3/bin/../lib/gcc/arm-none-eabi/4.7.3/../../../../arm-none-eabi/lib/armv6-m\libnosys.a(sbrk.o)

/DISCARD/
 *(.note.GNU-stack)
OUTPUT(.\CortexM0\ARM_GCC_473\Debug\SignatureVerifier.elf elf32-littlearm)
